Archive member included to satisfy reference by file (symbol)

../Middlewares/ST/AI/Lib/NetworkRuntime900_CM4_GCC.a(ai_platform.o)
                              ./X-CUBE-AI/App/sine_model.o (ai_buffer_array_item_set_address)
../Middlewares/ST/AI/Lib/NetworkRuntime900_CM4_GCC.a(ai_platform_interface.o)
                              ./X-CUBE-AI/App/sine_model.o (ai_platform_get_weights_map)
../Middlewares/ST/AI/Lib/NetworkRuntime900_CM4_GCC.a(core_common.o)
                              ../Middlewares/ST/AI/Lib/NetworkRuntime900_CM4_GCC.a(ai_platform_interface.o) (core_init)
../Middlewares/ST/AI/Lib/NetworkRuntime900_CM4_GCC.a(core_mem_manager.o)
                              ../Middlewares/ST/AI/Lib/NetworkRuntime900_CM4_GCC.a(ai_platform_interface.o) (core_mem_alloc)
../Middlewares/ST/AI/Lib/NetworkRuntime900_CM4_GCC.a(layers.o)
                              ../Middlewares/ST/AI/Lib/NetworkRuntime900_CM4_GCC.a(ai_platform_interface.o) (ai_check_custom_types)
../Middlewares/ST/AI/Lib/NetworkRuntime900_CM4_GCC.a(layers_conv2d_generic_float.o)
                              ./X-CUBE-AI/App/sine_model.o (forward_dense)
../Middlewares/ST/AI/Lib/NetworkRuntime900_CM4_GCC.a(layers_nl_generic_float.o)
                              ./X-CUBE-AI/App/sine_model.o (forward_relu)
../Middlewares/ST/AI/Lib/NetworkRuntime900_CM4_GCC.a(layers_conv2d_integer_scratch.o)
                              ../Middlewares/ST/AI/Lib/NetworkRuntime900_CM4_GCC.a(layers.o) (get_conv2d_scratch_size)
../Middlewares/ST/AI/Lib/NetworkRuntime900_CM4_GCC.a(forward_lite_conv2d_if32of32wf32.o)
                              ../Middlewares/ST/AI/Lib/NetworkRuntime900_CM4_GCC.a(layers_conv2d_generic_float.o) (forward_lite_conv2d_if32of32wf32)
../Middlewares/ST/AI/Lib/NetworkRuntime900_CM4_GCC.a(lite_nl_softmax_if32of32.o)
                              ../Middlewares/ST/AI/Lib/NetworkRuntime900_CM4_GCC.a(layers_nl_generic_float.o) (forward_lite_nl_softmax_if32of32_kernel)
../Middlewares/ST/AI/Lib/NetworkRuntime900_CM4_GCC.a(lite_nl_relu_if32of32.o)
                              ../Middlewares/ST/AI/Lib/NetworkRuntime900_CM4_GCC.a(layers_nl_generic_float.o) (forward_lite_nl_prelu_if32of32_kernel)
../Middlewares/ST/AI/Lib/NetworkRuntime900_CM4_GCC.a(lite_dense_if32.o)
                              ../Middlewares/ST/AI/Lib/NetworkRuntime900_CM4_GCC.a(layers_conv2d_generic_float.o) (forward_lite_dense_if32of32wf32)
../Middlewares/ST/AI/Lib/NetworkRuntime900_CM4_GCC.a(st_int8_fill.o)
                              ../Middlewares/ST/AI/Lib/NetworkRuntime900_CM4_GCC.a(layers_nl_generic_float.o) (st_int8_fill)
../Middlewares/ST/AI/Lib/NetworkRuntime900_CM4_GCC.a(ai_math_helpers.o)
                              ../Middlewares/ST/AI/Lib/NetworkRuntime900_CM4_GCC.a(layers_nl_generic_float.o) (ai_math_sqrt)
../Middlewares/ST/AI/Lib/NetworkRuntime900_CM4_GCC.a(ai_datatypes_format.o)
                              ../Middlewares/ST/AI/Lib/NetworkRuntime900_CM4_GCC.a(ai_platform_interface.o) (ai_array_to_buffer_fmt)
../Middlewares/ST/AI/Lib/NetworkRuntime900_CM4_GCC.a(ai_datatypes_internal.o)
                              ../Middlewares/ST/AI/Lib/NetworkRuntime900_CM4_GCC.a(ai_platform_interface.o) (ai_version_get)
../Middlewares/ST/AI/Lib/NetworkRuntime900_CM4_GCC.a(ai_math_elementwise_mul_int8.o)
                              ../Middlewares/ST/AI/Lib/NetworkRuntime900_CM4_GCC.a(ai_math_helpers.o) (ai_math_elementwise_mul_int8)
../Middlewares/ST/AI/Lib/NetworkRuntime900_CM4_GCC.a(ai_math_elementwise_sum_int8.o)
                              ../Middlewares/ST/AI/Lib/NetworkRuntime900_CM4_GCC.a(ai_math_helpers.o) (ai_math_elementwise_sum_int8)
../Middlewares/ST/AI/Lib/NetworkRuntime900_CM4_GCC.a(st_align_factor.o)
                              ../Middlewares/ST/AI/Lib/NetworkRuntime900_CM4_GCC.a(ai_math_helpers.o) (align_factor)
/opt/st/stm32cubeide_1.15.1/plugins/com.st.stm32cube.ide.mcu.externaltools.gnu-tools-for-stm32.12.3.rel1.linux64_1.0.100.202403111256/tools/bin/../lib/gcc/arm-none-eabi/12.3.1/../../../../arm-none-eabi/lib/thumb/v7e-m+fp/hard/libc_nano.a(libc_a-exit.o)
                              /opt/st/stm32cubeide_1.15.1/plugins/com.st.stm32cube.ide.mcu.externaltools.gnu-tools-for-stm32.12.3.rel1.linux64_1.0.100.202403111256/tools/bin/../lib/gcc/arm-none-eabi/12.3.1/../../../../arm-none-eabi/lib/thumb/v7e-m+fp/hard/crt0.o (exit)
/opt/st/stm32cubeide_1.15.1/plugins/com.st.stm32cube.ide.mcu.externaltools.gnu-tools-for-stm32.12.3.rel1.linux64_1.0.100.202403111256/tools/bin/../lib/gcc/arm-none-eabi/12.3.1/../../../../arm-none-eabi/lib/thumb/v7e-m+fp/hard/libc_nano.a(libc_a-malloc.o)
                              ../Middlewares/ST/AI/Lib/NetworkRuntime900_CM4_GCC.a(core_mem_manager.o) (malloc)
/opt/st/stm32cubeide_1.15.1/plugins/com.st.stm32cube.ide.mcu.externaltools.gnu-tools-for-stm32.12.3.rel1.linux64_1.0.100.202403111256/tools/bin/../lib/gcc/arm-none-eabi/12.3.1/../../../../arm-none-eabi/lib/thumb/v7e-m+fp/hard/libc_nano.a(libc_a-mallocr.o)
[...]
Memory Configuration

Name             Origin             Length             Attributes
RAM              0x20000000         0x00018000         xrw
FLASH            0x08000000         0x00080000         xr
*default*        0x00000000         0xffffffff

Linker script and memory map

LOAD /opt/st/stm32cubeide_1.15.1/plugins/com.st.stm32cube.ide.mcu.externaltools.gnu-tools-for-stm32.12.3.rel1.linux64_1.0.100.202403111256/tools/bin/../lib/gcc/arm-none-eabi/12.3.1/thumb/v7e-m+fp/hard/crti.o
LOAD /opt/st/stm32cubeide_1.15.1/plugins/com.st.stm32cube.ide.mcu.externaltools.gnu-tools-for-stm32.12.3.rel1.linux64_1.0.100.202403111256/tools/bin/../lib/gcc/arm-none-eabi/12.3.1/thumb/v7e-m+fp/hard/crtbegin.o
LOAD /opt/st/stm32cubeide_1.15.1/plugins/com.st.stm32cube.ide.mcu.externaltools.gnu-tools-for-stm32.12.3.rel1.linux64_1.0.100.202403111256/tools/bin/../lib/gcc/arm-none-eabi/12.3.1/../../../../arm-none-eabi/lib/thumb/v7e-m+fp/hard/crt0.o
LOAD ./Core/Src/main.o
LOAD ./Core/Src/stm32f4xx_hal_msp.o
LOAD ./Core/Src/stm32f4xx_it.o
LOAD ./Core/Src/sysmem.o
LOAD ./Core/Src/system_stm32f4xx.o
LOAD ./Core/Startup/startup_stm32f401retx.o
LOAD ./Drivers/STM32F4xx_HAL_Driver/Src/stm32f4xx_hal.o
LOAD ./Drivers/STM32F4xx_HAL_Driver/Src/stm32f4xx_hal_cortex.o
LOAD ./Drivers/STM32F4xx_HAL_Driver/Src/stm32f4xx_hal_crc.o
LOAD ./Drivers/STM32F4xx_HAL_Driver/Src/stm32f4xx_hal_dma.o
LOAD ./Drivers/STM32F4xx_HAL_Driver/Src/stm32f4xx_hal_dma_ex.o
LOAD ./Drivers/STM32F4xx_HAL_Driver/Src/stm32f4xx_hal_exti.o
LOAD ./Drivers/STM32F4xx_HAL_Driver/Src/stm32f4xx_hal_flash.o
LOAD ./Drivers/STM32F4xx_HAL_Driver/Src/stm32f4xx_hal_flash_ex.o
LOAD ./Drivers/STM32F4xx_HAL_Driver/Src/stm32f4xx_hal_flash_ramfunc.o
LOAD ./Drivers/STM32F4xx_HAL_Driver/Src/stm32f4xx_hal_gpio.o
LOAD ./Drivers/STM32F4xx_HAL_Driver/Src/stm32f4xx_hal_pwr.o
LOAD ./Drivers/STM32F4xx_HAL_Driver/Src/stm32f4xx_hal_pwr_ex.o
LOAD ./Drivers/STM32F4xx_HAL_Driver/Src/stm32f4xx_hal_rcc.o
LOAD ./Drivers/STM32F4xx_HAL_Driver/Src/stm32f4xx_hal_rcc_ex.o
LOAD ./Drivers/STM32F4xx_HAL_Driver/Src/stm32f4xx_hal_tim.o
LOAD ./Drivers/STM32F4xx_HAL_Driver/Src/stm32f4xx_hal_tim_ex.o
LOAD ./Drivers/STM32F4xx_HAL_Driver/Src/stm32f4xx_hal_uart.o
LOAD ./X-CUBE-AI/App/sine_model.o
LOAD ./X-CUBE-AI/App/sine_model_data.o
LOAD ./X-CUBE-AI/App/sine_model_data_params.o
LOAD ../Middlewares/ST/AI/Lib/NetworkRuntime900_CM4_GCC.a
START GROUP
LOAD /opt/st/stm32cubeide_1.15.1/plugins/com.st.stm32cube.ide.mcu.externaltools.gnu-tools-for-stm32.12.3.rel1.linux64_1.0.100.202403111256/tools/bin/../lib/gcc/arm-none-eabi/12.3.1/../../../../arm-none-eabi/lib/thumb/v7e-m+fp/hard/libc_nano.a
LOAD /opt/st/stm32cubeide_1.15.1/plugins/com.st.stm32cube.ide.mcu.externaltools.gnu-tools-for-stm32.12.3.rel1.linux64_1.0.100.202403111256/tools/bin/../lib/gcc/arm-none-eabi/12.3.1/../../../../arm-none-eabi/lib/thumb/v7e-m+fp/hard/libm.a
END GROUP
START GROUP
LOAD /opt/st/stm32cubeide_1.15.1/plugins/com.st.stm32cube.ide.mcu.externaltools.gnu-tools-for-stm32.12.3.rel1.linux64_1.0.100.202403111256/tools/bin/../lib/gcc/arm-none-eabi/12.3.1/thumb/v7e-m+fp/hard/libgcc.a
LOAD /opt/st/stm32cubeide_1.15.1/plugins/com.st.stm32cube.ide.mcu.externaltools.gnu-tools-for-stm32.12.3.rel1.linux64_1.0.100.202403111256/tools/bin/../lib/gcc/arm-none-eabi/12.3.1/../../../../arm-none-eabi/lib/thumb/v7e-m+fp/hard/libc_nano.a
END GROUP
START GROUP
LOAD /opt/st/stm32cubeide_1.15.1/plugins/com.st.stm32cube.ide.mcu.externaltools.gnu-tools-for-stm32.12.3.rel1.linux64_1.0.100.202403111256/tools/bin/../lib/gcc/arm-none-eabi/12.3.1/thumb/v7e-m+fp/hard/libgcc.a
LOAD /opt/st/stm32cubeide_1.15.1/plugins/com.st.stm32cube.ide.mcu.externaltools.gnu-tools-for-stm32.12.3.rel1.linux64_1.0.100.202403111256/tools/bin/../lib/gcc/arm-none-eabi/12.3.1/../../../../arm-none-eabi/lib/thumb/v7e-m+fp/hard/libc_nano.a
LOAD /opt/st/stm32cubeide_1.15.1/plugins/com.st.stm32cube.ide.mcu.externaltools.gnu-tools-for-stm32.12.3.rel1.linux64_1.0.100.202403111256/tools/bin/../lib/gcc/arm-none-eabi/12.3.1/../../../../arm-none-eabi/lib/thumb/v7e-m+fp/hard/libnosys.a
END GROUP
START GROUP
LOAD /opt/st/stm32cubeide_1.15.1/plugins/com.st.stm32cube.ide.mcu.externaltools.gnu-tools-for-stm32.12.3.rel1.linux64_1.0.100.202403111256/tools/bin/../lib/gcc/arm-none-eabi/12.3.1/thumb/v7e-m+fp/hard/libgcc.a
LOAD /opt/st/stm32cubeide_1.15.1/plugins/com.st.stm32cube.ide.mcu.externaltools.gnu-tools-for-stm32.12.3.rel1.linux64_1.0.100.202403111256/tools/bin/../lib/gcc/arm-none-eabi/12.3.1/../../../../arm-none-eabi/lib/thumb/v7e-m+fp/hard/libc_nano.a
LOAD /opt/st/stm32cubeide_1.15.1/plugins/com.st.stm32cube.ide.mcu.externaltools.gnu-tools-for-stm32.12.3.rel1.linux64_1.0.100.202403111256/tools/bin/../lib/gcc/arm-none-eabi/12.3.1/../../../../arm-none-eabi/lib/thumb/v7e-m+fp/hard/libnosys.a
END GROUP
LOAD /opt/st/stm32cubeide_1.15.1/plugins/com.st.stm32cube.ide.mcu.externaltools.gnu-tools-for-stm32.12.3.rel1.linux64_1.0.100.202403111256/tools/bin/../lib/gcc/arm-none-eabi/12.3.1/thumb/v7e-m+fp/hard/crtend.o
LOAD /opt/st/stm32cubeide_1.15.1/plugins/com.st.stm32cube.ide.mcu.externaltools.gnu-tools-for-stm32.12.3.rel1.linux64_1.0.100.202403111256/tools/bin/../lib/gcc/arm-none-eabi/12.3.1/thumb/v7e-m+fp/hard/crtn.o
                0x20018000                        _estack = (ORIGIN (RAM) + LENGTH (RAM))
                0x00000800                        _Min_Heap_Size = 0x800
                0x00000800                        _Min_Stack_Size = 0x800

.isr_vector     0x08000000      0x194
                0x08000000                        . = ALIGN (0x4)
 *(.isr_vector)
 .isr_vector    0x08000000      0x194 ./Core/Startup/startup_stm32f401retx.o
                0x08000000                g_pfnVectors
                0x08000194                        . = ALIGN (0x4)

.text           0x080001a0     0x936c
                0x080001a0                        . = ALIGN (0x4)
 *(.text)
 .text          0x080001a0       0x40 /opt/st/stm32cubeide_1.15.1/plugins/com.st.stm32cube.ide.mcu.externaltools.gnu-tools-for-stm32.12.3.rel1.linux64_1.0.100.202403111256/tools/bin/../lib/gcc/arm-none-eabi/12.3.1/thumb/v7e-m+fp/hard/crtbegin.o
 .text          0x080001e0       0xa0 /opt/st/stm32cubeide_1.15.1/plugins/com.st.stm32cube.ide.mcu.externaltools.gnu-tools-for-stm32.12.3.rel1.linux64_1.0.100.202403111256/tools/bin/../lib/gcc/arm-none-eabi/12.3.1/../../../../arm-none-eabi/lib/thumb/v7e-m+fp/hard/libc_nano.a(libc_a-memchr.o)
                0x080001e0                memchr
 .text          0x08000280       0x10 /opt/st/stm32cubeide_1.15.1/plugins/com.st.stm32cube.ide.mcu.externaltools.gnu-tools-for-stm32.12.3.rel1.linux64_1.0.100.202403111256/tools/bin/../lib/gcc/arm-none-eabi/12.3.1/../../../../arm-none-eabi/lib/thumb/v7e-m+fp/hard/libc_nano.a(libc_a-strlen.o)
                0x08000280                strlen
 .text          0x08000290      0x378 /opt/st/stm32cubeide_1.15.1/plugins/com.st.stm32cube.ide.mcu.externaltools.gnu-tools-for-stm32.12.3.rel1.linux64_1.0.100.202403111256/tools/bin/../lib/gcc/arm-none-eabi/12.3.1/thumb/v7e-m+fp/hard/libgcc.a(_arm_addsubdf3.o)
                0x08000290                __aeabi_drsub
                0x08000298                __aeabi_dsub
                0x08000298                __subdf3
                0x0800029c                __adddf3
                0x0800029c                __aeabi_dadd
                0x08000514                __aeabi_ui2d
                0x08000514                __floatunsidf
                0x08000534                __floatsidf
                0x08000534                __aeabi_i2d
                0x08000558                __extendsfdf2
                0x08000558                __aeabi_f2d
                0x0800059c                __aeabi_ul2d
                0x0800059c                __floatundidf
                0x080005ac                __floatdidf
                0x080005ac                __aeabi_l2d
 .text          0x08000608      0x424 /opt/st/stm32cubeide_1.15.1/plugins/com.st.stm32cube.ide.mcu.externaltools.gnu-tools-for-stm32.12.3.rel1.linux64_1.0.100.202403111256/tools/bin/../lib/gcc/arm-none-eabi/12.3.1/thumb/v7e-m+fp/hard/libgcc.a(_arm_muldivdf3.o)
                0x08000608                __aeabi_dmul
                0x08000608                __muldf3
                0x0800085c                __aeabi_ddiv
                0x0800085c                __divdf3
 .text          0x08000a2c      0x110 /opt/st/stm32cubeide_1.15.1/plugins/com.st.stm32cube.ide.mcu.externaltools.gnu-tools-for-stm32.12.3.rel1.linux64_1.0.100.202403111256/tools/bin/../lib/gcc/arm-none-eabi/12.3.1/thumb/v7e-m+fp/hard/libgcc.a(_arm_cmpdf2.o)
                0x08000a2c                __gtdf2
                0x08000a2c                __gedf2
                0x08000a34                __ltdf2
                0x08000a34                __ledf2
                0x08000a3c                __cmpdf2
                0x08000a3c                __eqdf2
                0x08000a3c                __nedf2
                0x08000ab8                __aeabi_cdrcmple
                0x08000ac8                __aeabi_cdcmple
                0x08000ac8                __aeabi_cdcmpeq
                0x08000ad8                __aeabi_dcmpeq
                0x08000aec                __aeabi_dcmplt
                0x08000b00                __aeabi_dcmple
                0x08000b14                __aeabi_dcmpge
                0x08000b28                __aeabi_dcmpgt
 .text          0x08000b3c       0x2c /opt/st/stm32cubeide_1.15.1/plugins/com.st.stm32cube.ide.mcu.externaltools.gnu-tools-for-stm32.12.3.rel1.linux64_1.0.100.202403111256/tools/bin/../lib/gcc/arm-none-eabi/12.3.1/thumb/v7e-m+fp/hard/libgcc.a(_arm_unorddf2.o)
                0x08000b3c                __aeabi_dcmpun
                0x08000b3c                __unorddf2
 .text          0x08000b68       0x50 /opt/st/stm32cubeide_1.15.1/plugins/com.st.stm32cube.ide.mcu.externaltools.gnu-tools-for-stm32.12.3.rel1.linux64_1.0.100.202403111256/tools/bin/../lib/gcc/arm-none-eabi/12.3.1/thumb/v7e-m+fp/hard/libgcc.a(_arm_fixdfsi.o)
                0x08000b68                __fixdfsi
                0x08000b68                __aeabi_d2iz
 .text          0x08000bb8       0x40 /opt/st/stm32cubeide_1.15.1/plugins/com.st.stm32cube.ide.mcu.externaltools.gnu-tools-for-stm32.12.3.rel1.linux64_1.0.100.202403111256/tools/bin/../lib/gcc/arm-none-eabi/12.3.1/thumb/v7e-m+fp/hard/libgcc.a(_arm_fixunsdfsi.o)
                0x08000bb8                __fixunsdfsi
                0x08000bb8                __aeabi_d2uiz
 .text          0x08000bf8       0xa0 /opt/st/stm32cubeide_1.15.1/plugins/com.st.stm32cube.ide.mcu.externaltools.gnu-tools-for-stm32.12.3.rel1.linux64_1.0.100.202403111256/tools/bin/../lib/gcc/arm-none-eabi/12.3.1/thumb/v7e-m+fp/hard/libgcc.a(_arm_truncdfsf2.o)
                0x08000bf8                __aeabi_d2f
                0x08000bf8                __truncdfsf2
 .text          0x08000c98       0x30 /opt/st/stm32cubeide_1.15.1/plugins/com.st.stm32cube.ide.mcu.externaltools.gnu-tools-for-stm32.12.3.rel1.linux64_1.0.100.202403111256/tools/bin/../lib/gcc/arm-none-eabi/12.3.1/thumb/v7e-m+fp/hard/libgcc.a(_aeabi_uldivmod.o)
                0x08000c98                __aeabi_uldivmod
 .text          0x08000cc8       0x30 /opt/st/stm32cubeide_1.15.1/plugins/com.st.stm32cube.ide.mcu.externaltools.gnu-tools-for-stm32.12.3.rel1.linux64_1.0.100.202403111256/tools/bin/../lib/gcc/arm-none-eabi/12.3.1/thumb/v7e-m+fp/hard/libgcc.a(_fixdfdi.o)
                0x08000cc8                __aeabi_d2lz
                0x08000cc8                __fixdfdi
 .text          0x08000cf8       0x3c /opt/st/stm32cubeide_1.15.1/plugins/com.st.stm32cube.ide.mcu.externaltools.gnu-tools-for-stm32.12.3.rel1.linux64_1.0.100.202403111256/tools/bin/../lib/gcc/arm-none-eabi/12.3.1/thumb/v7e-m+fp/hard/libgcc.a(_fixunsdfdi.o)
                0x08000cf8                __aeabi_d2ulz
                0x08000cf8                __fixunsdfdi
 .text          0x08000d34      0x2bc /opt/st/stm32cubeide_1.15.1/plugins/com.st.stm32cube.ide.mcu.externaltools.gnu-tools-for-stm32.12.3.rel1.linux64_1.0.100.202403111256/tools/bin/../lib/gcc/arm-none-eabi/12.3.1/thumb/v7e-m+fp/hard/libgcc.a(_udivmoddi4.o)
                0x08000d34                __udivmoddi4
 .text          0x08000ff0        0x4 /opt/st/stm32cubeide_1.15.1/plugins/com.st.stm32cube.ide.mcu.externaltools.gnu-tools-for-stm32.12.3.rel1.linux64_1.0.100.202403111256/tools/bin/../lib/gcc/arm-none-eabi/12.3.1/thumb/v7e-m+fp/hard/libgcc.a(_dvmd_tls.o)
                0x08000ff0                __aeabi_ldiv0
                0x08000ff0                __aeabi_idiv0
 *(.text*)
 .text.aiInit   0x08000ff4      0x108 ./Core/Src/main.o
                0x08000ff4                aiInit
 *fill*         0x080010fc        0x4 
 .text.main     0x08001100      0x1e8 ./Core/Src/main.o
                0x08001100                main
 .text.SystemClock_Config
                0x080012e8       0xd4 ./Core/Src/main.o
                0x080012e8                SystemClock_Config
 .text.MX_CRC_Init
                0x080013bc       0x28 ./Core/Src/main.o
 .text.MX_TIM10_Init
                0x080013e4       0x48 ./Core/Src/main.o
 .text.MX_USART2_UART_Init
                0x0800142c       0x54 ./Core/Src/main.o
 .text.MX_GPIO_Init
                0x08001480       0xdc ./Core/Src/main.o
 .text.Error_Handler
                0x0800155c        0xc ./Core/Src/main.o
                0x0800155c                Error_Handler
 .text.HAL_MspInit
                0x08001568       0x50 ./Core/Src/stm32f4xx_hal_msp.o
                0x08001568                HAL_MspInit
 .text.HAL_CRC_MspInit
                0x080015b8       0x44 ./Core/Src/stm32f4xx_hal_msp.o
                0x080015b8                HAL_CRC_MspInit
 .text.HAL_TIM_Base_MspInit
                0x080015fc       0x44 ./Core/Src/stm32f4xx_hal_msp.o
                0x080015fc                HAL_TIM_Base_MspInit
 .text.HAL_UART_MspInit
                0x08001640       0x90 ./Core/Src/stm32f4xx_hal_msp.o
                0x08001640                HAL_UART_MspInit
 .text.NMI_Handler
                0x080016d0        0x8 ./Core/Src/stm32f4xx_it.o
                0x080016d0                NMI_Handler
 .text.HardFault_Handler
                0x080016d8        0x8 ./Core/Src/stm32f4xx_it.o
                0x080016d8                HardFault_Handler
 .text.MemManage_Handler
                0x080016e0        0x8 ./Core/Src/stm32f4xx_it.o
                0x080016e0                MemManage_Handler
 .text.BusFault_Handler
                0x080016e8        0x8 ./Core/Src/stm32f4xx_it.o
                0x080016e8                BusFault_Handler
 .text.UsageFault_Handler
                0x080016f0        0x8 ./Core/Src/stm32f4xx_it.o
                0x080016f0                UsageFault_Handler
 .text.SVC_Handler
                0x080016f8        0xe ./Core/Src/stm32f4xx_it.o
                0x080016f8                SVC_Handler
 .text.DebugMon_Handler
                0x08001706        0xe ./Core/Src/stm32f4xx_it.o
                0x08001706                DebugMon_Handler
 .text.PendSV_Handler
                0x08001714        0xe ./Core/Src/stm32f4xx_it.o
                0x08001714                PendSV_Handler
 .text.SysTick_Handler
                0x08001722        0xc ./Core/Src/stm32f4xx_it.o
                0x08001722                SysTick_Handler
 *fill*         0x0800172e        0x2 
 .text._sbrk    0x08001730       0x6c ./Core/Src/sysmem.o
                0x08001730                _sbrk
 .text.SystemInit
                0x0800179c       0x24 ./Core/Src/system_stm32f4xx.o
                0x0800179c                SystemInit
 .text.Reset_Handler
                0x080017c0       0x50 ./Core/Startup/startup_stm32f401retx.o
                0x080017c0                Reset_Handler
 .text.Default_Handler
                0x08001810        0x2 ./Core/Startup/startup_stm32f401retx.o
                0x08001810                RTC_Alarm_IRQHandler
                0x08001810                EXTI2_IRQHandler
                0x08001810                SPI4_IRQHandler
                0x08001810                TIM1_CC_IRQHandler
                0x08001810                DMA2_Stream5_IRQHandler
                0x08001810                DMA1_Stream5_IRQHandler
                0x08001810                PVD_IRQHandler
                0x08001810                SDIO_IRQHandler
                0x08001810                TAMP_STAMP_IRQHandler
                0x08001810                EXTI3_IRQHandler
                0x08001810                TIM1_UP_TIM10_IRQHandler
                0x08001810                I2C3_ER_IRQHandler
                0x08001810                EXTI0_IRQHandler
                0x08001810                I2C2_EV_IRQHandler
                0x08001810                DMA1_Stream2_IRQHandler
                0x08001810                FPU_IRQHandler
                0x08001810                DMA2_Stream2_IRQHandler
                0x08001810                SPI1_IRQHandler
                0x08001810                TIM1_BRK_TIM9_IRQHandler
                0x08001810                DMA2_Stream3_IRQHandler
                0x08001810                USART6_IRQHandler
                0x08001810                DMA2_Stream0_IRQHandler
                0x08001810                TIM4_IRQHandler
                0x08001810                I2C1_EV_IRQHandler
                0x08001810                DMA1_Stream6_IRQHandler
                0x08001810                DMA1_Stream1_IRQHandler
                0x08001810                TIM3_IRQHandler
                0x08001810                RCC_IRQHandler
                0x08001810                Default_Handler
                0x08001810                EXTI15_10_IRQHandler
                0x08001810                ADC_IRQHandler
                0x08001810                DMA1_Stream7_IRQHandler
                0x08001810                TIM5_IRQHandler
                0x08001810                DMA2_Stream7_IRQHandler
                0x08001810                I2C3_EV_IRQHandler
                0x08001810                EXTI9_5_IRQHandler
                0x08001810                RTC_WKUP_IRQHandler
                0x08001810                SPI2_IRQHandler
                0x08001810                DMA1_Stream0_IRQHandler
                0x08001810                EXTI4_IRQHandler
                0x08001810                WWDG_IRQHandler
                0x08001810                TIM2_IRQHandler
                0x08001810                OTG_FS_WKUP_IRQHandler
                0x08001810                TIM1_TRG_COM_TIM11_IRQHandler
                0x08001810                EXTI1_IRQHandler
                0x08001810                USART2_IRQHandler
                0x08001810                I2C2_ER_IRQHandler
                0x08001810                DMA2_Stream1_IRQHandler
                0x08001810                FLASH_IRQHandler
                0x08001810                DMA2_Stream4_IRQHandler
                0x08001810                USART1_IRQHandler
                0x08001810                OTG_FS_IRQHandler
                0x08001810                SPI3_IRQHandler
                0x08001810                DMA1_Stream4_IRQHandler
                0x08001810                I2C1_ER_IRQHandler
                0x08001810                DMA2_Stream6_IRQHandler
                0x08001810                DMA1_Stream3_IRQHandler
 *fill*         0x08001812        0x2 
 .text.HAL_Init
                0x08001814       0x44 ./Drivers/STM32F4xx_HAL_Driver/Src/stm32f4xx_hal.o
                0x08001814                HAL_Init
 .text.HAL_InitTick
                0x08001858       0x60 ./Drivers/STM32F4xx_HAL_Driver/Src/stm32f4xx_hal.o
                0x08001858                HAL_InitTick
 .text.HAL_IncTick
                0x080018b8       0x28 ./Drivers/STM32F4xx_HAL_Driver/Src/stm32f4xx_hal.o
                0x080018b8                HAL_IncTick
 .text.HAL_GetTick
                0x080018e0       0x18 ./Drivers/STM32F4xx_HAL_Driver/Src/stm32f4xx_hal.o
                0x080018e0                HAL_GetTick
 .text.HAL_Delay
                0x080018f8       0x48 ./Drivers/STM32F4xx_HAL_Driver/Src/stm32f4xx_hal.o
                0x080018f8                HAL_Delay
 .text.__NVIC_SetPriorityGrouping
                0x08001940       0x48 ./Drivers/STM32F4xx_HAL_Driver/Src/stm32f4xx_hal_cortex.o
 .text.__NVIC_GetPriorityGrouping
                0x08001988       0x1c ./Drivers/STM32F4xx_HAL_Driver/Src/stm32f4xx_hal_cortex.o
 .text.__NVIC_SetPriority
                0x080019a4       0x54 ./Drivers/STM32F4xx_HAL_Driver/Src/stm32f4xx_hal_cortex.o
 .text.NVIC_EncodePriority
                0x080019f8       0x66 ./Drivers/STM32F4xx_HAL_Driver/Src/stm32f4xx_hal_cortex.o
 *fill*         0x08001a5e        0x2 
 .text.SysTick_Config
                0x08001a60       0x44 ./Drivers/STM32F4xx_HAL_Driver/Src/stm32f4xx_hal_cortex.o
 .text.HAL_NVIC_SetPriorityGrouping
                0x08001aa4       0x16 ./Drivers/STM32F4xx_HAL_Driver/Src/stm32f4xx_hal_cortex.o
                0x08001aa4                HAL_NVIC_SetPriorityGrouping
 .text.HAL_NVIC_SetPriority
                0x08001aba       0x38 ./Drivers/STM32F4xx_HAL_Driver/Src/stm32f4xx_hal_cortex.o
                0x08001aba                HAL_NVIC_SetPriority
 .text.HAL_SYSTICK_Config
                0x08001af2       0x18 ./Drivers/STM32F4xx_HAL_Driver/Src/stm32f4xx_hal_cortex.o
                0x08001af2                HAL_SYSTICK_Config
 .text.HAL_CRC_Init
                0x08001b0a       0x38 ./Drivers/STM32F4xx_HAL_Driver/Src/stm32f4xx_hal_crc.o
                0x08001b0a                HAL_CRC_Init
 *fill*         0x08001b42        0x2 
 .text.HAL_GPIO_Init
                0x08001b44      0x308 ./Drivers/STM32F4xx_HAL_Driver/Src/stm32f4xx_hal_gpio.o
                0x08001b44                HAL_GPIO_Init
 .text.HAL_GPIO_WritePin
                0x08001e4c       0x32 ./Drivers/STM32F4xx_HAL_Driver/Src/stm32f4xx_hal_gpio.o
                0x08001e4c                HAL_GPIO_WritePin
 *fill*         0x08001e7e        0x2 
 .text.HAL_RCC_OscConfig
                0x08001e80      0x4f0 ./Drivers/STM32F4xx_HAL_Driver/Src/stm32f4xx_hal_rcc.o
                0x08001e80                HAL_RCC_OscConfig
 .text.HAL_RCC_ClockConfig
                0x08002370      0x1cc ./Drivers/STM32F4xx_HAL_Driver/Src/stm32f4xx_hal_rcc.o
                0x08002370                HAL_RCC_ClockConfig
 .text.HAL_RCC_GetSysClockFreq
                0x0800253c      0x20c ./Drivers/STM32F4xx_HAL_Driver/Src/stm32f4xx_hal_rcc.o
                0x0800253c                HAL_RCC_GetSysClockFreq
 .text.HAL_RCC_GetHCLKFreq
                0x08002748       0x18 ./Drivers/STM32F4xx_HAL_Driver/Src/stm32f4xx_hal_rcc.o
                0x08002748                HAL_RCC_GetHCLKFreq
 .text.HAL_RCC_GetPCLK1Freq
                0x08002760       0x28 ./Drivers/STM32F4xx_HAL_Driver/Src/stm32f4xx_hal_rcc.o
                0x08002760                HAL_RCC_GetPCLK1Freq
 .text.HAL_RCC_GetPCLK2Freq
                0x08002788       0x28 ./Drivers/STM32F4xx_HAL_Driver/Src/stm32f4xx_hal_rcc.o
                0x08002788                HAL_RCC_GetPCLK2Freq
 .text.HAL_TIM_Base_Init
                0x080027b0       0x9e ./Drivers/STM32F4xx_HAL_Driver/Src/stm32f4xx_hal_tim.o
                0x080027b0                HAL_TIM_Base_Init
 *fill*         0x0800284e        0x2 
 .text.HAL_TIM_Base_Start
                0x08002850       0xb4 ./Drivers/STM32F4xx_HAL_Driver/Src/stm32f4xx_hal_tim.o
                0x08002850                HAL_TIM_Base_Start
 .text.TIM_Base_SetConfig
                0x08002904      0x118 ./Drivers/STM32F4xx_HAL_Driver/Src/stm32f4xx_hal_tim.o
                0x08002904                TIM_Base_SetConfig
 .text.HAL_UART_Init
                0x08002a1c       0xa0 ./Drivers/STM32F4xx_HAL_Driver/Src/stm32f4xx_hal_uart.o
                0x08002a1c                HAL_UART_Init
 .text.HAL_UART_Transmit
                0x08002abc      0x116 ./Drivers/STM32F4xx_HAL_Driver/Src/stm32f4xx_hal_uart.o
                0x08002abc                HAL_UART_Transmit
 .text.UART_WaitOnFlagUntilTimeout
                0x08002bd2       0xb2 ./Drivers/STM32F4xx_HAL_Driver/Src/stm32f4xx_hal_uart.o
 .text.UART_EndRxTransfer
                0x08002c84       0xc6 ./Drivers/STM32F4xx_HAL_Driver/Src/stm32f4xx_hal_uart.o
 *fill*         0x08002d4a        0x2 
 .text.UART_SetConfig
                0x08002d4c      0x4e8 ./Drivers/STM32F4xx_HAL_Driver/Src/stm32f4xx_hal_uart.o
 .text.sine_model_configure_activations
                0x08003234       0xc0 ./X-CUBE-AI/App/sine_model.o
 .text.sine_model_configure_weights
                0x080032f4      0x118 ./X-CUBE-AI/App/sine_model.o
 .text.ai_sine_model_create
                0x0800340c       0x2c ./X-CUBE-AI/App/sine_model.o
                0x0800340c                ai_sine_model_create
 .text.ai_sine_model_inputs_get
                0x08003438       0x34 ./X-CUBE-AI/App/sine_model.o
                0x08003438                ai_sine_model_inputs_get
 .text.ai_sine_model_outputs_get
                0x0800346c       0x34 ./X-CUBE-AI/App/sine_model.o
                0x0800346c                ai_sine_model_outputs_get
 .text.ai_sine_model_init
                0x080034a0       0x78 ./X-CUBE-AI/App/sine_model.o
                0x080034a0                ai_sine_model_init
 .text.ai_sine_model_run
                0x08003518       0x20 ./X-CUBE-AI/App/sine_model.o
                0x08003518                ai_sine_model_run
 .text.ai_sine_model_data_activations_buffer_get
                0x08003538       0x68 ./X-CUBE-AI/App/sine_model_data.o
                0x08003538                ai_sine_model_data_activations_buffer_get
 .text.ai_sine_model_data_weights_buffer_get
                0x080035a0       0x68 ./X-CUBE-AI/App/sine_model_data.o
                0x080035a0                ai_sine_model_data_weights_buffer_get
 .text.ai_sine_model_data_weights_get
                0x08003608       0x14 ./X-CUBE-AI/App/sine_model_data.o
                0x08003608                ai_sine_model_data_weights_get
 .text.ai_buffer_get_size
                0x0800361c       0x68 ../Middlewares/ST/AI/Lib/NetworkRuntime900_CM4_GCC.a(ai_platform.o)
                0x0800361c                ai_buffer_get_size
 .text.ai_buffer_array_sane
                0x08003684       0x14 ../Middlewares/ST/AI/Lib/NetworkRuntime900_CM4_GCC.a(ai_platform.o)
                0x08003684                ai_buffer_array_sane
 .text.ai_platform_get_weights_map
                0x08003698       0xa8 ../Middlewares/ST/AI/Lib/NetworkRuntime900_CM4_GCC.a(ai_platform_interface.o)
                0x08003698                ai_platform_get_weights_map
 .text.ai_platform_get_activations_map
                0x08003740       0xa8 ../Middlewares/ST/AI/Lib/NetworkRuntime900_CM4_GCC.a(ai_platform_interface.o)
                0x08003740                ai_platform_get_activations_map
 .text.ai_platform_network_set_error
                0x080037e8        0xc ../Middlewares/ST/AI/Lib/NetworkRuntime900_CM4_GCC.a(ai_platform_interface.o)
                0x080037e8                ai_platform_network_set_error
 .text.ai_platform_inputs_get
                0x080037f4       0xec ../Middlewares/ST/AI/Lib/NetworkRuntime900_CM4_GCC.a(ai_platform_interface.o)
                0x080037f4                ai_platform_inputs_get
 .text.ai_platform_outputs_get
                0x080038e0       0xe8 ../Middlewares/ST/AI/Lib/NetworkRuntime900_CM4_GCC.a(ai_platform_interface.o)
                0x080038e0                ai_platform_outputs_get
 .text.ai_platform_network_create
                0x080039c8       0x84 ../Middlewares/ST/AI/Lib/NetworkRuntime900_CM4_GCC.a(ai_platform_interface.o)
                0x080039c8                ai_platform_network_create
 .text.ai_platform_network_init
                0x08003a4c      0x19c ../Middlewares/ST/AI/Lib/NetworkRuntime900_CM4_GCC.a(ai_platform_interface.o)
                0x08003a4c                ai_platform_network_init
 .text.ai_platform_network_post_init
                0x08003be8       0x60 ../Middlewares/ST/AI/Lib/NetworkRuntime900_CM4_GCC.a(ai_platform_interface.o)
                0x08003be8                ai_platform_network_post_init
 .text.ai_platform_network_process
                0x08003c48      0x480 ../Middlewares/ST/AI/Lib/NetworkRuntime900_CM4_GCC.a(ai_platform_interface.o)
                0x08003c48                ai_platform_network_process
 .text.core_init
                0x080040c8        0x4 ../Middlewares/ST/AI/Lib/NetworkRuntime900_CM4_GCC.a(core_common.o)
                0x080040c8                core_init
 .text.core_set_error
                0x080040cc       0x18 ../Middlewares/ST/AI/Lib/NetworkRuntime900_CM4_GCC.a(core_common.o)
                0x080040cc                core_set_error
 .text.ai_check_custom_types
                0x080040e4       0x54 ../Middlewares/ST/AI/Lib/NetworkRuntime900_CM4_GCC.a(layers.o)
                0x080040e4                ai_check_custom_types
 .text.ai_layers_init_all
                0x08004138       0x1c ../Middlewares/ST/AI/Lib/NetworkRuntime900_CM4_GCC.a(layers.o)
                0x08004138                ai_layers_init_all
 .text.ai_layers_post_init_all
                0x08004154       0x28 ../Middlewares/ST/AI/Lib/NetworkRuntime900_CM4_GCC.a(layers.o)
                0x08004154                ai_layers_post_init_all
 .text.ai_layers_forward_all
                0x0800417c       0x94 ../Middlewares/ST/AI/Lib/NetworkRuntime900_CM4_GCC.a(layers.o)
                0x0800417c                ai_layers_forward_all
 .text.forward_dense
                0x08004210      0x3e0 ../Middlewares/ST/AI/Lib/NetworkRuntime900_CM4_GCC.a(layers_conv2d_generic_float.o)
                0x08004210                forward_dense
 .text.forward_relu
                0x080045f0      0x138 ../Middlewares/ST/AI/Lib/NetworkRuntime900_CM4_GCC.a(layers_nl_generic_float.o)
                0x080045f0                forward_relu
 .text.forward_lite_nl_relu_generic_if32of32_kernel
                0x08004728       0xfc ../Middlewares/ST/AI/Lib/NetworkRuntime900_CM4_GCC.a(lite_nl_relu_if32of32.o)
                0x08004728                forward_lite_nl_relu_generic_if32of32_kernel
 .text.forward_lite_dense_if32of32wf32
                0x08004824      0x2b4 ../Middlewares/ST/AI/Lib/NetworkRuntime900_CM4_GCC.a(lite_dense_if32.o)
                0x08004824                forward_lite_dense_if32of32wf32
 .text.st_int8_copy
                0x08004ad8      0x10c ../Middlewares/ST/AI/Lib/NetworkRuntime900_CM4_GCC.a(st_int8_fill.o)
                0x08004ad8                st_int8_copy
 .text.ai_array_to_buffer_fmt
                0x08004be4       0xe0 ../Middlewares/ST/AI/Lib/NetworkRuntime900_CM4_GCC.a(ai_datatypes_format.o)
                0x08004be4                ai_array_to_buffer_fmt
 .text.ai_array_get_byte_size
                0x08004cc4       0x50 ../Middlewares/ST/AI/Lib/NetworkRuntime900_CM4_GCC.a(ai_datatypes_format.o)
                0x08004cc4                ai_array_get_byte_size
 .text.ai_array_get_data_byte_size
                0x08004d14       0x24 ../Middlewares/ST/AI/Lib/NetworkRuntime900_CM4_GCC.a(ai_datatypes_format.o)
                0x08004d14                ai_array_get_data_byte_size
 .text.ai_version_get
                0x08004d38        0xc ../Middlewares/ST/AI/Lib/NetworkRuntime900_CM4_GCC.a(ai_datatypes_internal.o)
                0x08004d38                ai_version_get
 .text.get_tensor_byte_size
                0x08004d44       0x30 ../Middlewares/ST/AI/Lib/NetworkRuntime900_CM4_GCC.a(ai_datatypes_internal.o)
                0x08004d44                get_tensor_byte_size
 .text.malloc   0x08004d74       0x10 /opt/st/stm32cubeide_1.15.1/plugins/com.st.stm32cube.ide.mcu.externaltools.gnu-tools-for-stm32.12.3.rel1.linux64_1.0.100.202403111256/tools/bin/../lib/gcc/arm-none-eabi/12.3.1/../../../../arm-none-eabi/lib/thumb/v7e-m+fp/hard/libc_nano.a(libc_a-malloc.o)
                0x08004d74                malloc
 .text.sbrk_aligned
                0x08004d84       0x44 /opt/st/stm32cubeide_1.15.1/plugins/com.st.stm32cube.ide.mcu.externaltools.gnu-tools-for-stm32.12.3.rel1.linux64_1.0.100.202403111256/tools/bin/../lib/gcc/arm-none-eabi/12.3.1/../../../../arm-none-eabi/lib/thumb/v7e-m+fp/hard/libc_nano.a(libc_a-mallocr.o)
 .text._malloc_r
                0x08004dc8      0x100 /opt/st/stm32cubeide_1.15.1/plugins/com.st.stm32cube.ide.mcu.externaltools.gnu-tools-for-stm32.12.3.rel1.linux64_1.0.100.202403111256/tools/bin/../lib/gcc/arm-none-eabi/12.3.1/../../../../arm-none-eabi/lib/thumb/v7e-m+fp/hard/libc_nano.a(libc_a-mallocr.o)
                0x08004dc8                _malloc_r
 .text.__malloc_lock
                0x08004ec8        0xc /opt/st/stm32cubeide_1.15.1/plugins/com.st.stm32cube.ide.mcu.externaltools.gnu-tools-for-stm32.12.3.rel1.linux64_1.0.100.202403111256/tools/bin/../lib/gcc/arm-none-eabi/12.3.1/../../../../arm-none-eabi/lib/thumb/v7e-m+fp/hard/libc_nano.a(libc_a-mlock.o)
                0x08004ec8                __malloc_lock
 .text.__malloc_unlock
                0x08004ed4        0xc /opt/st/stm32cubeide_1.15.1/plugins/com.st.stm32cube.ide.mcu.externaltools.gnu-tools-for-stm32.12.3.rel1.linux64_1.0.100.202403111256/tools/bin/../lib/gcc/arm-none-eabi/12.3.1/../../../../arm-none-eabi/lib/thumb/v7e-m+fp/hard/libc_nano.a(libc_a-mlock.o)
                0x08004ed4                __malloc_unlock
 .text._realloc_r
                0x08004ee0       0x5c /opt/st/stm32cubeide_1.15.1/plugins/com.st.stm32cube.ide.mcu.externaltools.gnu-tools-for-stm32.12.3.rel1.linux64_1.0.100.202403111256/tools/bin/../lib/gcc/arm-none-eabi/12.3.1/../../../../arm-none-eabi/lib/thumb/v7e-m+fp/hard/libc_nano.a(libc_a-reallocr.o)
                0x08004ee0                _realloc_r
 .text.__cvt    0x08004f3c       0xca /opt/st/stm32cubeide_1.15.1/plugins/com.st.stm32cube.ide.mcu.externaltools.gnu-tools-for-stm32.12.3.rel1.linux64_1.0.100.202403111256/tools/bin/../lib/gcc/arm-none-eabi/12.3.1/../../../../arm-none-eabi/lib/thumb/v7e-m+fp/hard/libc_nano.a(libc_a-nano-vfprintf_float.o)
                0x08004f3c                __cvt
 .text.__exponent
                0x08005006       0x74 /opt/st/stm32cubeide_1.15.1/plugins/com.st.stm32cube.ide.mcu.externaltools.gnu-tools-for-stm32.12.3.rel1.linux64_1.0.100.202403111256/tools/bin/../lib/gcc/arm-none-eabi/12.3.1/../../../../arm-none-eabi/lib/thumb/v7e-m+fp/hard/libc_nano.a(libc_a-nano-vfprintf_float.o)
                0x08005006                __exponent
 *fill*         0x0800507a        0x2 
 .text._printf_float
                0x0800507c      0x454 /opt/st/stm32cubeide_1.15.1/plugins/com.st.stm32cube.ide.mcu.externaltools.gnu-tools-for-stm32.12.3.rel1.linux64_1.0.100.202403111256/tools/bin/../lib/gcc/arm-none-eabi/12.3.1/../../../../arm-none-eabi/lib/thumb/v7e-m+fp/hard/libc_nano.a(libc_a-nano-vfprintf_float.o)
                0x0800507c                _printf_float
 .text._printf_common
                0x080054d0       0xda /opt/st/stm32cubeide_1.15.1/plugins/com.st.stm32cube.ide.mcu.externaltools.gnu-tools-for-stm32.12.3.rel1.linux64_1.0.100.202403111256/tools/bin/../lib/gcc/arm-none-eabi/12.3.1/../../../../arm-none-eabi/lib/thumb/v7e-m+fp/hard/libc_nano.a(libc_a-nano-vfprintf_i.o)
                0x080054d0                _printf_common
 *fill*         0x080055aa        0x2 
 .text._printf_i
                0x080055ac      0x240 /opt/st/stm32cubeide_1.15.1/plugins/com.st.stm32cube.ide.mcu.externaltools.gnu-tools-for-stm32.12.3.rel1.linux64_1.0.100.202403111256/tools/bin/../lib/gcc/arm-none-eabi/12.3.1/../../../../arm-none-eabi/lib/thumb/v7e-m+fp/hard/libc_nano.a(libc_a-nano-vfprintf_i.o)
                0x080055ac                _printf_i
 .text._scanf_float
                0x080057ec      0x428 /opt/st/stm32cubeide_1.15.1/plugins/com.st.stm32cube.ide.mcu.externaltools.gnu-tools-for-stm32.12.3.rel1.linux64_1.0.100.202403111256/tools/bin/../lib/gcc/arm-none-eabi/12.3.1/../../../../arm-none-eabi/lib/thumb/v7e-m+fp/hard/libc_nano.a(libc_a-nano-vfscanf_float.o)
                0x080057ec                _scanf_float
 .text.std      0x08005c14       0x6c /opt/st/stm32cubeide_1.15.1/plugins/com.st.stm32cube.ide.mcu.externaltools.gnu-tools-for-stm32.12.3.rel1.linux64_1.0.100.202403111256/tools/bin/../lib/gcc/arm-none-eabi/12.3.1/../../../../arm-none-eabi/lib/thumb/v7e-m+fp/hard/libc_nano.a(libc_a-findfp.o)
 .text.stdio_exit_handler
                0x08005c80       0x18 /opt/st/stm32cubeide_1.15.1/plugins/com.st.stm32cube.ide.mcu.externaltools.gnu-tools-for-stm32.12.3.rel1.linux64_1.0.100.202403111256/tools/bin/../lib/gcc/arm-none-eabi/12.3.1/../../../../arm-none-eabi/lib/thumb/v7e-m+fp/hard/libc_nano.a(libc_a-findfp.o)
 .text.cleanup_stdio
                0x08005c98       0x40 /opt/st/stm32cubeide_1.15.1/plugins/com.st.stm32cube.ide.mcu.externaltools.gnu-tools-for-stm32.12.3.rel1.linux64_1.0.100.202403111256/tools/bin/../lib/gcc/arm-none-eabi/12.3.1/../../../../arm-none-eabi/lib/thumb/v7e-m+fp/hard/libc_nano.a(libc_a-findfp.o)
 .text.global_stdio_init.part.0
                0x08005cd8       0x3c /opt/st/stm32cubeide_1.15.1/plugins/com.st.stm32cube.ide.mcu.externaltools.gnu-tools-for-stm32.12.3.rel1.linux64_1.0.100.202403111256/tools/bin/../lib/gcc/arm-none-eabi/12.3.1/../../../../arm-none-eabi/lib/thumb/v7e-m+fp/hard/libc_nano.a(libc_a-findfp.o)
 .text.__sfp_lock_acquire
                0x08005d14        0xc /opt/st/stm32cubeide_1.15.1/plugins/com.st.stm32cube.ide.mcu.externaltools.gnu-tools-for-stm32.12.3.rel1.linux64_1.0.100.202403111256/tools/bin/../lib/gcc/arm-none-eabi/12.3.1/../../../../arm-none-eabi/lib/thumb/v7e-m+fp/hard/libc_nano.a(libc_a-findfp.o)
                0x08005d14                __sfp_lock_acquire
 .text.__sfp_lock_release
                0x08005d20        0xc /opt/st/stm32cubeide_1.15.1/plugins/com.st.stm32cube.ide.mcu.externaltools.gnu-tools-for-stm32.12.3.rel1.linux64_1.0.100.202403111256/tools/bin/../lib/gcc/arm-none-eabi/12.3.1/../../../../arm-none-eabi/lib/thumb/v7e-m+fp/hard/libc_nano.a(libc_a-findfp.o)
                0x08005d20                __sfp_lock_release
 .text.__sinit  0x08005d2c       0x30 /opt/st/stm32cubeide_1.15.1/plugins/com.st.stm32cube.ide.mcu.externaltools.gnu-tools-for-stm32.12.3.rel1.linux64_1.0.100.202403111256/tools/bin/../lib/gcc/arm-none-eabi/12.3.1/../../../../arm-none-eabi/lib/thumb/v7e-m+fp/hard/libc_nano.a(libc_a-findfp.o)
                0x08005d2c                __sinit
 .text._fwalk_sglue
                0x08005d5c       0x3c /opt/st/stm32cubeide_1.15.1/plugins/com.st.stm32cube.ide.mcu.externaltools.gnu-tools-for-stm32.12.3.rel1.linux64_1.0.100.202403111256/tools/bin/../lib/gcc/arm-none-eabi/12.3.1/../../../../arm-none-eabi/lib/thumb/v7e-m+fp/hard/libc_nano.a(libc_a-fwalk.o)
                0x08005d5c                _fwalk_sglue
 .text.printf   0x08005d98       0x24 /opt/st/stm32cubeide_1.15.1/plugins/com.st.stm32cube.ide.mcu.externaltools.gnu-tools-for-stm32.12.3.rel1.linux64_1.0.100.202403111256/tools/bin/../lib/gcc/arm-none-eabi/12.3.1/../../../../arm-none-eabi/lib/thumb/v7e-m+fp/hard/libc_nano.a(libc_a-printf.o)
                0x08005d98                printf
                0x08005d98                iprintf
 .text.sprintf  0x08005dbc       0x40 /opt/st/stm32cubeide_1.15.1/plugins/com.st.stm32cube.ide.mcu.externaltools.gnu-tools-for-stm32.12.3.rel1.linux64_1.0.100.202403111256/tools/bin/../lib/gcc/arm-none-eabi/12.3.1/../../../../arm-none-eabi/lib/thumb/v7e-m+fp/hard/libc_nano.a(libc_a-sprintf.o)
                0x08005dbc                sprintf
                0x08005dbc                siprintf
 .text.__sread  0x08005dfc       0x22 /opt/st/stm32cubeide_1.15.1/plugins/com.st.stm32cube.ide.mcu.externaltools.gnu-tools-for-stm32.12.3.rel1.linux64_1.0.100.202403111256/tools/bin/../lib/gcc/arm-none-eabi/12.3.1/../../../../arm-none-eabi/lib/thumb/v7e-m+fp/hard/libc_nano.a(libc_a-stdio.o)
                0x08005dfc                __sread
 .text.__swrite
                0x08005e1e       0x38 /opt/st/stm32cubeide_1.15.1/plugins/com.st.stm32cube.ide.mcu.externaltools.gnu-tools-for-stm32.12.3.rel1.linux64_1.0.100.202403111256/tools/bin/../lib/gcc/arm-none-eabi/12.3.1/../../../../arm-none-eabi/lib/thumb/v7e-m+fp/hard/libc_nano.a(libc_a-stdio.o)
                0x08005e1e                __swrite
 .text.__sseek  0x08005e56       0x24 /opt/st/stm32cubeide_1.15.1/plugins/com.st.stm32cube.ide.mcu.externaltools.gnu-tools-for-stm32.12.3.rel1.linux64_1.0.100.202403111256/tools/bin/../lib/gcc/arm-none-eabi/12.3.1/../../../../arm-none-eabi/lib/thumb/v7e-m+fp/hard/libc_nano.a(libc_a-stdio.o)
                0x08005e56                __sseek
 .text.__sclose
                0x08005e7a        0x8 /opt/st/stm32cubeide_1.15.1/plugins/com.st.stm32cube.ide.mcu.externaltools.gnu-tools-for-stm32.12.3.rel1.linux64_1.0.100.202403111256/tools/bin/../lib/gcc/arm-none-eabi/12.3.1/../../../../arm-none-eabi/lib/thumb/v7e-m+fp/hard/libc_nano.a(libc_a-stdio.o)
                0x08005e7a                __sclose
 .text.memset   0x08005e82       0x10 /opt/st/stm32cubeide_1.15.1/plugins/com.st.stm32cube.ide.mcu.externaltools.gnu-tools-for-stm32.12.3.rel1.linux64_1.0.100.202403111256/tools/bin/../lib/gcc/arm-none-eabi/12.3.1/../../../../arm-none-eabi/lib/thumb/v7e-m+fp/hard/libc_nano.a(libc_a-memset.o)
                0x08005e82                memset
 *fill*         0x08005e92        0x2 
 .text._localeconv_r
                0x08005e94        0x8 /opt/st/stm32cubeide_1.15.1/plugins/com.st.stm32cube.ide.mcu.externaltools.gnu-tools-for-stm32.12.3.rel1.linux64_1.0.100.202403111256/tools/bin/../lib/gcc/arm-none-eabi/12.3.1/../../../../arm-none-eabi/lib/thumb/v7e-m+fp/hard/libc_nano.a(libc_a-localeconv.o)
                0x08005e94                _localeconv_r
 .text._close_r
                0x08005e9c       0x20 /opt/st/stm32cubeide_1.15.1/plugins/com.st.stm32cube.ide.mcu.externaltools.gnu-tools-for-stm32.12.3.rel1.linux64_1.0.100.202403111256/tools/bin/../lib/gcc/arm-none-eabi/12.3.1/../../../../arm-none-eabi/lib/thumb/v7e-m+fp/hard/libc_nano.a(libc_a-closer.o)
                0x08005e9c                _close_r
 .text._lseek_r
                0x08005ebc       0x24 /opt/st/stm32cubeide_1.15.1/plugins/com.st.stm32cube.ide.mcu.externaltools.gnu-tools-for-stm32.12.3.rel1.linux64_1.0.100.202403111256/tools/bin/../lib/gcc/arm-none-eabi/12.3.1/../../../../arm-none-eabi/lib/thumb/v7e-m+fp/hard/libc_nano.a(libc_a-lseekr.o)
                0x08005ebc                _lseek_r
 .text._read_r  0x08005ee0       0x24 /opt/st/stm32cubeide_1.15.1/plugins/com.st.stm32cube.ide.mcu.externaltools.gnu-tools-for-stm32.12.3.rel1.linux64_1.0.100.202403111256/tools/bin/../lib/gcc/arm-none-eabi/12.3.1/../../../../arm-none-eabi/lib/thumb/v7e-m+fp/hard/libc_nano.a(libc_a-readr.o)
                0x08005ee0                _read_r
 .text._sbrk_r  0x08005f04       0x20 /opt/st/stm32cubeide_1.15.1/plugins/com.st.stm32cube.ide.mcu.externaltools.gnu-tools-for-stm32.12.3.rel1.linux64_1.0.100.202403111256/tools/bin/../lib/gcc/arm-none-eabi/12.3.1/../../../../arm-none-eabi/lib/thumb/v7e-m+fp/hard/libc_nano.a(libc_a-sbrkr.o)
                0x08005f04                _sbrk_r
 .text._write_r
                0x08005f24       0x24 /opt/st/stm32cubeide_1.15.1/plugins/com.st.stm32cube.ide.mcu.externaltools.gnu-tools-for-stm32.12.3.rel1.linux64_1.0.100.202403111256/tools/bin/../lib/gcc/arm-none-eabi/12.3.1/../../../../arm-none-eabi/lib/thumb/v7e-m+fp/hard/libc_nano.a(libc_a-writer.o)
                0x08005f24                _write_r
 .text.__errno  0x08005f48        0xc /opt/st/stm32cubeide_1.15.1/plugins/com.st.stm32cube.ide.mcu.externaltools.gnu-tools-for-stm32.12.3.rel1.linux64_1.0.100.202403111256/tools/bin/../lib/gcc/arm-none-eabi/12.3.1/../../../../arm-none-eabi/lib/thumb/v7e-m+fp/hard/libc_nano.a(libc_a-errno.o)
                0x08005f48                __errno
 .text.__libc_init_array
                0x08005f54       0x48 /opt/st/stm32cubeide_1.15.1/plugins/com.st.stm32cube.ide.mcu.externaltools.gnu-tools-for-stm32.12.3.rel1.linux64_1.0.100.202403111256/tools/bin/../lib/gcc/arm-none-eabi/12.3.1/../../../../arm-none-eabi/lib/thumb/v7e-m+fp/hard/libc_nano.a(libc_a-init.o)
                0x08005f54                __libc_init_array
 .text.__retarget_lock_init_recursive
                0x08005f9c        0x2 /opt/st/stm32cubeide_1.15.1/plugins/com.st.stm32cube.ide.mcu.externaltools.gnu-tools-for-stm32.12.3.rel1.linux64_1.0.100.202403111256/tools/bin/../lib/gcc/arm-none-eabi/12.3.1/../../../../arm-none-eabi/lib/thumb/v7e-m+fp/hard/libc_nano.a(libc_a-lock.o)
                0x08005f9c                __retarget_lock_init_recursive
 .text.__retarget_lock_acquire_recursive
                0x08005f9e        0x2 /opt/st/stm32cubeide_1.15.1/plugins/com.st.stm32cube.ide.mcu.externaltools.gnu-tools-for-stm32.12.3.rel1.linux64_1.0.100.202403111256/tools/bin/../lib/gcc/arm-none-eabi/12.3.1/../../../../arm-none-eabi/lib/thumb/v7e-m+fp/hard/libc_nano.a(libc_a-lock.o)
                0x08005f9e                __retarget_lock_acquire_recursive
 .text.__retarget_lock_release_recursive
                0x08005fa0        0x2 /opt/st/stm32cubeide_1.15.1/plugins/com.st.stm32cube.ide.mcu.externaltools.gnu-tools-for-stm32.12.3.rel1.linux64_1.0.100.202403111256/tools/bin/../lib/gcc/arm-none-eabi/12.3.1/../../../../arm-none-eabi/lib/thumb/v7e-m+fp/hard/libc_nano.a(libc_a-lock.o)
                0x08005fa0                __retarget_lock_release_recursive
 .text.memcpy   0x08005fa2       0x1c /opt/st/stm32cubeide_1.15.1/plugins/com.st.stm32cube.ide.mcu.externaltools.gnu-tools-for-stm32.12.3.rel1.linux64_1.0.100.202403111256/tools/bin/../lib/gcc/arm-none-eabi/12.3.1/../../../../arm-none-eabi/lib/thumb/v7e-m+fp/hard/libc_nano.a(libc_a-memcpy-stub.o)
                0x08005fa2                memcpy
 *fill*         0x08005fbe        0x2 
 .text.nanf     0x08005fc0        0xc /opt/st/stm32cubeide_1.15.1/plugins/com.st.stm32cube.ide.mcu.externaltools.gnu-tools-for-stm32.12.3.rel1.linux64_1.0.100.202403111256/tools/bin/../lib/gcc/arm-none-eabi/12.3.1/../../../../arm-none-eabi/lib/thumb/v7e-m+fp/hard/libc_nano.a(libm_a-sf_nan.o)
                0x08005fc0                nanf
 .text.quorem   0x08005fcc      0x110 /opt/st/stm32cubeide_1.15.1/plugins/com.st.stm32cube.ide.mcu.externaltools.gnu-tools-for-stm32.12.3.rel1.linux64_1.0.100.202403111256/tools/bin/../lib/gcc/arm-none-eabi/12.3.1/../../../../arm-none-eabi/lib/thumb/v7e-m+fp/hard/libc_nano.a(libc_a-dtoa.o)
 *fill*         0x080060dc        0x4 
 .text._dtoa_r  0x080060e0      0xb88 /opt/st/stm32cubeide_1.15.1/plugins/com.st.stm32cube.ide.mcu.externaltools.gnu-tools-for-stm32.12.3.rel1.linux64_1.0.100.202403111256/tools/bin/../lib/gcc/arm-none-eabi/12.3.1/../../../../arm-none-eabi/lib/thumb/v7e-m+fp/hard/libc_nano.a(libc_a-dtoa.o)
                0x080060e0                _dtoa_r
 .text._free_r  0x08006c68       0x94 /opt/st/stm32cubeide_1.15.1/plugins/com.st.stm32cube.ide.mcu.externaltools.gnu-tools-for-stm32.12.3.rel1.linux64_1.0.100.202403111256/tools/bin/../lib/gcc/arm-none-eabi/12.3.1/../../../../arm-none-eabi/lib/thumb/v7e-m+fp/hard/libc_nano.a(libc_a-freer.o)
                0x08006c68                _free_r
 .text._Balloc  0x08006cfc       0x80 /opt/st/stm32cubeide_1.15.1/plugins/com.st.stm32cube.ide.mcu.externaltools.gnu-tools-for-stm32.12.3.rel1.linux64_1.0.100.202403111256/tools/bin/../lib/gcc/arm-none-eabi/12.3.1/../../../../arm-none-eabi/lib/thumb/v7e-m+fp/hard/libc_nano.a(libc_a-mprec.o)
                0x08006cfc                _Balloc
 .text._Bfree   0x08006d7c       0x44 /opt/st/stm32cubeide_1.15.1/plugins/com.st.stm32cube.ide.mcu.externaltools.gnu-tools-for-stm32.12.3.rel1.linux64_1.0.100.202403111256/tools/bin/../lib/gcc/arm-none-eabi/12.3.1/../../../../arm-none-eabi/lib/thumb/v7e-m+fp/hard/libc_nano.a(libc_a-mprec.o)
                0x08006d7c                _Bfree
 .text.__multadd
                0x08006dc0       0x8c /opt/st/stm32cubeide_1.15.1/plugins/com.st.stm32cube.ide.mcu.externaltools.gnu-tools-for-stm32.12.3.rel1.linux64_1.0.100.202403111256/tools/bin/../lib/gcc/arm-none-eabi/12.3.1/../../../../arm-none-eabi/lib/thumb/v7e-m+fp/hard/libc_nano.a(libc_a-mprec.o)
                0x08006dc0                __multadd
 .text.__s2b    0x08006e4c       0x94 /opt/st/stm32cubeide_1.15.1/plugins/com.st.stm32cube.ide.mcu.externaltools.gnu-tools-for-stm32.12.3.rel1.linux64_1.0.100.202403111256/tools/bin/../lib/gcc/arm-none-eabi/12.3.1/../../../../arm-none-eabi/lib/thumb/v7e-m+fp/hard/libc_nano.a(libc_a-mprec.o)
                0x08006e4c                __s2b
 .text.__hi0bits
                0x08006ee0       0x3e /opt/st/stm32cubeide_1.15.1/plugins/com.st.stm32cube.ide.mcu.externaltools.gnu-tools-for-stm32.12.3.rel1.linux64_1.0.100.202403111256/tools/bin/../lib/gcc/arm-none-eabi/12.3.1/../../../../arm-none-eabi/lib/thumb/v7e-m+fp/hard/libc_nano.a(libc_a-mprec.o)
                0x08006ee0                __hi0bits
 .text.__lo0bits
                0x08006f1e       0x5a /opt/st/stm32cubeide_1.15.1/plugins/com.st.stm32cube.ide.mcu.externaltools.gnu-tools-for-stm32.12.3.rel1.linux64_1.0.100.202403111256/tools/bin/../lib/gcc/arm-none-eabi/12.3.1/../../../../arm-none-eabi/lib/thumb/v7e-m+fp/hard/libc_nano.a(libc_a-mprec.o)
                0x08006f1e                __lo0bits
 .text.__i2b    0x08006f78       0x2c /opt/st/stm32cubeide_1.15.1/plugins/com.st.stm32cube.ide.mcu.externaltools.gnu-tools-for-stm32.12.3.rel1.linux64_1.0.100.202403111256/tools/bin/../lib/gcc/arm-none-eabi/12.3.1/../../../../arm-none-eabi/lib/thumb/v7e-m+fp/hard/libc_nano.a(libc_a-mprec.o)
                0x08006f78                __i2b
 .text.__multiply
                0x08006fa4      0x154 /opt/st/stm32cubeide_1.15.1/plugins/com.st.stm32cube.ide.mcu.externaltools.gnu-tools-for-stm32.12.3.rel1.linux64_1.0.100.202403111256/tools/bin/../lib/gcc/arm-none-eabi/12.3.1/../../../../arm-none-eabi/lib/thumb/v7e-m+fp/hard/libc_nano.a(libc_a-mprec.o)
                0x08006fa4                __multiply
 .text.__pow5mult
                0x080070f8       0xb4 /opt/st/stm32cubeide_1.15.1/plugins/com.st.stm32cube.ide.mcu.externaltools.gnu-tools-for-stm32.12.3.rel1.linux64_1.0.100.202403111256/tools/bin/../lib/gcc/arm-none-eabi/12.3.1/../../../../arm-none-eabi/lib/thumb/v7e-m+fp/hard/libc_nano.a(libc_a-mprec.o)
                0x080070f8                __pow5mult
 .text.__lshift
                0x080071ac       0xd8 /opt/st/stm32cubeide_1.15.1/plugins/com.st.stm32cube.ide.mcu.externaltools.gnu-tools-for-stm32.12.3.rel1.linux64_1.0.100.202403111256/tools/bin/../lib/gcc/arm-none-eabi/12.3.1/../../../../arm-none-eabi/lib/thumb/v7e-m+fp/hard/libc_nano.a(libc_a-mprec.o)
                0x080071ac                __lshift
 .text.__mcmp   0x08007284       0x36 /opt/st/stm32cubeide_1.15.1/plugins/com.st.stm32cube.ide.mcu.externaltools.gnu-tools-for-stm32.12.3.rel1.linux64_1.0.100.202403111256/tools/bin/../lib/gcc/arm-none-eabi/12.3.1/../../../../arm-none-eabi/lib/thumb/v7e-m+fp/hard/libc_nano.a(libc_a-mprec.o)
                0x08007284                __mcmp
 *fill*         0x080072ba        0x2 
 .text.__mdiff  0x080072bc      0x128 /opt/st/stm32cubeide_1.15.1/plugins/com.st.stm32cube.ide.mcu.externaltools.gnu-tools-for-stm32.12.3.rel1.linux64_1.0.100.202403111256/tools/bin/../lib/gcc/arm-none-eabi/12.3.1/../../../../arm-none-eabi/lib/thumb/v7e-m+fp/hard/libc_nano.a(libc_a-mprec.o)
                0x080072bc                __mdiff
 .text.__ulp    0x080073e4       0x4c /opt/st/stm32cubeide_1.15.1/plugins/com.st.stm32cube.ide.mcu.externaltools.gnu-tools-for-stm32.12.3.rel1.linux64_1.0.100.202403111256/tools/bin/../lib/gcc/arm-none-eabi/12.3.1/../../../../arm-none-eabi/lib/thumb/v7e-m+fp/hard/libc_nano.a(libc_a-mprec.o)
                0x080073e4                __ulp
 .text.__b2d    0x08007430       0x94 /opt/st/stm32cubeide_1.15.1/plugins/com.st.stm32cube.ide.mcu.externaltools.gnu-tools-for-stm32.12.3.rel1.linux64_1.0.100.202403111256/tools/bin/../lib/gcc/arm-none-eabi/12.3.1/../../../../arm-none-eabi/lib/thumb/v7e-m+fp/hard/libc_nano.a(libc_a-mprec.o)
                0x08007430                __b2d
 .text.__d2b    0x080074c4       0xb0 /opt/st/stm32cubeide_1.15.1/plugins/com.st.stm32cube.ide.mcu.externaltools.gnu-tools-for-stm32.12.3.rel1.linux64_1.0.100.202403111256/tools/bin/../lib/gcc/arm-none-eabi/12.3.1/../../../../arm-none-eabi/lib/thumb/v7e-m+fp/hard/libc_nano.a(libc_a-mprec.o)
                0x080074c4                __d2b
 .text.__ratio  0x08007574       0x64 /opt/st/stm32cubeide_1.15.1/plugins/com.st.stm32cube.ide.mcu.externaltools.gnu-tools-for-stm32.12.3.rel1.linux64_1.0.100.202403111256/tools/bin/../lib/gcc/arm-none-eabi/12.3.1/../../../../arm-none-eabi/lib/thumb/v7e-m+fp/hard/libc_nano.a(libc_a-mprec.o)
                0x08007574                __ratio
 .text.__copybits
                0x080075d8       0x46 /opt/st/stm32cubeide_1.15.1/plugins/com.st.stm32cube.ide.mcu.externaltools.gnu-tools-for-stm32.12.3.rel1.linux64_1.0.100.202403111256/tools/bin/../lib/gcc/arm-none-eabi/12.3.1/../../../../arm-none-eabi/lib/thumb/v7e-m+fp/hard/libc_nano.a(libc_a-mprec.o)
                0x080075d8                __copybits
 .text.__any_on
                0x0800761e       0x42 /opt/st/stm32cubeide_1.15.1/plugins/com.st.stm32cube.ide.mcu.externaltools.gnu-tools-for-stm32.12.3.rel1.linux64_1.0.100.202403111256/tools/bin/../lib/gcc/arm-none-eabi/12.3.1/../../../../arm-none-eabi/lib/thumb/v7e-m+fp/hard/libc_nano.a(libc_a-mprec.o)
                0x0800761e                __any_on
 .text._malloc_usable_size_r
                0x08007660       0x10 /opt/st/stm32cubeide_1.15.1/plugins/com.st.stm32cube.ide.mcu.externaltools.gnu-tools-for-stm32.12.3.rel1.linux64_1.0.100.202403111256/tools/bin/../lib/gcc/arm-none-eabi/12.3.1/../../../../arm-none-eabi/lib/thumb/v7e-m+fp/hard/libc_nano.a(libc_a-msizer.o)
                0x08007660                _malloc_usable_size_r
 .text.sulp     0x08007670       0x3c /opt/st/stm32cubeide_1.15.1/plugins/com.st.stm32cube.ide.mcu.externaltools.gnu-tools-for-stm32.12.3.rel1.linux64_1.0.100.202403111256/tools/bin/../lib/gcc/arm-none-eabi/12.3.1/../../../../arm-none-eabi/lib/thumb/v7e-m+fp/hard/libc_nano.a(libc_a-strtod.o)
 *fill*         0x080076ac        0x4 
 .text._strtod_l
                0x080076b0      0xbc8 /opt/st/stm32cubeide_1.15.1/plugins/com.st.stm32cube.ide.mcu.externaltools.gnu-tools-for-stm32.12.3.rel1.linux64_1.0.100.202403111256/tools/bin/../lib/gcc/arm-none-eabi/12.3.1/../../../../arm-none-eabi/lib/thumb/v7e-m+fp/hard/libc_nano.a(libc_a-strtod.o)
                0x080076b0                _strtod_l
 .text._strtod_r
                0x08008278        0xc /opt/st/stm32cubeide_1.15.1/plugins/com.st.stm32cube.ide.mcu.externaltools.gnu-tools-for-stm32.12.3.rel1.linux64_1.0.100.202403111256/tools/bin/../lib/gcc/arm-none-eabi/12.3.1/../../../../arm-none-eabi/lib/thumb/v7e-m+fp/hard/libc_nano.a(libc_a-strtod.o)
                0x08008278                _strtod_r
 .text._strtol_l.constprop.0
                0x08008284       0xf4 /opt/st/stm32cubeide_1.15.1/plugins/com.st.stm32cube.ide.mcu.externaltools.gnu-tools-for-stm32.12.3.rel1.linux64_1.0.100.202403111256/tools/bin/../lib/gcc/arm-none-eabi/12.3.1/../../../../arm-none-eabi/lib/thumb/v7e-m+fp/hard/libc_nano.a(libc_a-strtol.o)
 .text._strtol_r
                0x08008378        0x4 /opt/st/stm32cubeide_1.15.1/plugins/com.st.stm32cube.ide.mcu.externaltools.gnu-tools-for-stm32.12.3.rel1.linux64_1.0.100.202403111256/tools/bin/../lib/gcc/arm-none-eabi/12.3.1/../../../../arm-none-eabi/lib/thumb/v7e-m+fp/hard/libc_nano.a(libc_a-strtol.o)
                0x08008378                _strtol_r
 .text.__ssputs_r
                0x0800837c       0xb6 /opt/st/stm32cubeide_1.15.1/plugins/com.st.stm32cube.ide.mcu.externaltools.gnu-tools-for-stm32.12.3.rel1.linux64_1.0.100.202403111256/tools/bin/../lib/gcc/arm-none-eabi/12.3.1/../../../../arm-none-eabi/lib/thumb/v7e-m+fp/hard/libc_nano.a(libc_a-nano-svfprintf.o)
                0x0800837c                __ssputs_r
 *fill*         0x08008432        0x2 
 .text._svfprintf_r
                0x08008434      0x1f8 /opt/st/stm32cubeide_1.15.1/plugins/com.st.stm32cube.ide.mcu.externaltools.gnu-tools-for-stm32.12.3.rel1.linux64_1.0.100.202403111256/tools/bin/../lib/gcc/arm-none-eabi/12.3.1/../../../../arm-none-eabi/lib/thumb/v7e-m+fp/hard/libc_nano.a(libc_a-nano-svfprintf.o)
                0x08008434                _svfprintf_r
                0x08008434                _svfiprintf_r
 .text.__sfputc_r
                0x0800862c       0x2e /opt/st/stm32cubeide_1.15.1/plugins/com.st.stm32cube.ide.mcu.externaltools.gnu-tools-for-stm32.12.3.rel1.linux64_1.0.100.202403111256/tools/bin/../lib/gcc/arm-none-eabi/12.3.1/../../../../arm-none-eabi/lib/thumb/v7e-m+fp/hard/libc_nano.a(libc_a-nano-vfprintf.o)
 .text.__sfputs_r
                0x0800865a       0x24 /opt/st/stm32cubeide_1.15.1/plugins/com.st.stm32cube.ide.mcu.externaltools.gnu-tools-for-stm32.12.3.rel1.linux64_1.0.100.202403111256/tools/bin/../lib/gcc/arm-none-eabi/12.3.1/../../../../arm-none-eabi/lib/thumb/v7e-m+fp/hard/libc_nano.a(libc_a-nano-vfprintf.o)
                0x0800865a                __sfputs_r
 *fill*         0x0800867e        0x2 
 .text._vfprintf_r
                0x08008680      0x230 /opt/st/stm32cubeide_1.15.1/plugins/com.st.stm32cube.ide.mcu.externaltools.gnu-tools-for-stm32.12.3.rel1.linux64_1.0.100.202403111256/tools/bin/../lib/gcc/arm-none-eabi/12.3.1/../../../../arm-none-eabi/lib/thumb/v7e-m+fp/hard/libc_nano.a(libc_a-nano-vfprintf.o)
                0x08008680                _vfiprintf_r
                0x08008680                _vfprintf_r
 .text.__sflush_r
                0x080088b0      0x108 /opt/st/stm32cubeide_1.15.1/plugins/com.st.stm32cube.ide.mcu.externaltools.gnu-tools-for-stm32.12.3.rel1.linux64_1.0.100.202403111256/tools/bin/../lib/gcc/arm-none-eabi/12.3.1/../../../../arm-none-eabi/lib/thumb/v7e-m+fp/hard/libc_nano.a(libc_a-fflush.o)
                0x080088b0                __sflush_r
 .text._fflush_r
                0x080089b8       0x50 /opt/st/stm32cubeide_1.15.1/plugins/com.st.stm32cube.ide.mcu.externaltools.gnu-tools-for-stm32.12.3.rel1.linux64_1.0.100.202403111256/tools/bin/../lib/gcc/arm-none-eabi/12.3.1/../../../../arm-none-eabi/lib/thumb/v7e-m+fp/hard/libc_nano.a(libc_a-fflush.o)
                0x080089b8                _fflush_r
 .text.__swbuf_r
                0x08008a08       0x7c /opt/st/stm32cubeide_1.15.1/plugins/com.st.stm32cube.ide.mcu.externaltools.gnu-tools-for-stm32.12.3.rel1.linux64_1.0.100.202403111256/tools/bin/../lib/gcc/arm-none-eabi/12.3.1/../../../../arm-none-eabi/lib/thumb/v7e-m+fp/hard/libc_nano.a(libc_a-wbuf.o)
                0x08008a08                __swbuf_r
 .text.__swsetup_r
                0x08008a84       0xac /opt/st/stm32cubeide_1.15.1/plugins/com.st.stm32cube.ide.mcu.externaltools.gnu-tools-for-stm32.12.3.rel1.linux64_1.0.100.202403111256/tools/bin/../lib/gcc/arm-none-eabi/12.3.1/../../../../arm-none-eabi/lib/thumb/v7e-m+fp/hard/libc_nano.a(libc_a-wsetup.o)
                0x08008a84                __swsetup_r
 .text.memmove  0x08008b30       0x34 /opt/st/stm32cubeide_1.15.1/plugins/com.st.stm32cube.ide.mcu.externaltools.gnu-tools-for-stm32.12.3.rel1.linux64_1.0.100.202403111256/tools/bin/../lib/gcc/arm-none-eabi/12.3.1/../../../../arm-none-eabi/lib/thumb/v7e-m+fp/hard/libc_nano.a(libc_a-memmove.o)
                0x08008b30                memmove
 .text.strncmp  0x08008b64       0x24 /opt/st/stm32cubeide_1.15.1/plugins/com.st.stm32cube.ide.mcu.externaltools.gnu-tools-for-stm32.12.3.rel1.linux64_1.0.100.202403111256/tools/bin/../lib/gcc/arm-none-eabi/12.3.1/../../../../arm-none-eabi/lib/thumb/v7e-m+fp/hard/libc_nano.a(libc_a-strncmp.o)
                0x08008b64                strncmp
 .text.nan      0x08008b88       0x10 /opt/st/stm32cubeide_1.15.1/plugins/com.st.stm32cube.ide.mcu.externaltools.gnu-tools-for-stm32.12.3.rel1.linux64_1.0.100.202403111256/tools/bin/../lib/gcc/arm-none-eabi/12.3.1/../../../../arm-none-eabi/lib/thumb/v7e-m+fp/hard/libc_nano.a(libm_a-s_nan.o)
                0x08008b88                nan
 .text.__assert_func
                0x08008b98       0x3c /opt/st/stm32cubeide_1.15.1/plugins/com.st.stm32cube.ide.mcu.externaltools.gnu-tools-for-stm32.12.3.rel1.linux64_1.0.100.202403111256/tools/bin/../lib/gcc/arm-none-eabi/12.3.1/../../../../arm-none-eabi/lib/thumb/v7e-m+fp/hard/libc_nano.a(libc_a-assert.o)
                0x08008b98                __assert_func
 .text._calloc_r
                0x08008bd4       0x28 /opt/st/stm32cubeide_1.15.1/plugins/com.st.stm32cube.ide.mcu.externaltools.gnu-tools-for-stm32.12.3.rel1.linux64_1.0.100.202403111256/tools/bin/../lib/gcc/arm-none-eabi/12.3.1/../../../../arm-none-eabi/lib/thumb/v7e-m+fp/hard/libc_nano.a(libc_a-callocr.o)
                0x08008bd4                _calloc_r
 .text.rshift   0x08008bfc       0xa4 /opt/st/stm32cubeide_1.15.1/plugins/com.st.stm32cube.ide.mcu.externaltools.gnu-tools-for-stm32.12.3.rel1.linux64_1.0.100.202403111256/tools/bin/../lib/gcc/arm-none-eabi/12.3.1/../../../../arm-none-eabi/lib/thumb/v7e-m+fp/hard/libc_nano.a(libc_a-gdtoa-gethex.o)
 .text.__hexdig_fun
                0x08008ca0       0x2a /opt/st/stm32cubeide_1.15.1/plugins/com.st.stm32cube.ide.mcu.externaltools.gnu-tools-for-stm32.12.3.rel1.linux64_1.0.100.202403111256/tools/bin/../lib/gcc/arm-none-eabi/12.3.1/../../../../arm-none-eabi/lib/thumb/v7e-m+fp/hard/libc_nano.a(libc_a-gdtoa-gethex.o)
                0x08008ca0                __hexdig_fun
 *fill*         0x08008cca        0x2 
 .text.__gethex
                0x08008ccc      0x420 /opt/st/stm32cubeide_1.15.1/plugins/com.st.stm32cube.ide.mcu.externaltools.gnu-tools-for-stm32.12.3.rel1.linux64_1.0.100.202403111256/tools/bin/../lib/gcc/arm-none-eabi/12.3.1/../../../../arm-none-eabi/lib/thumb/v7e-m+fp/hard/libc_nano.a(libc_a-gdtoa-gethex.o)
                0x08008ccc                __gethex
 .text.L_shift  0x080090ec       0x24 /opt/st/stm32cubeide_1.15.1/plugins/com.st.stm32cube.ide.mcu.externaltools.gnu-tools-for-stm32.12.3.rel1.linux64_1.0.100.202403111256/tools/bin/../lib/gcc/arm-none-eabi/12.3.1/../../../../arm-none-eabi/lib/thumb/v7e-m+fp/hard/libc_nano.a(libc_a-gdtoa-hexnan.o)
 .text.__match  0x08009110       0x28 /opt/st/stm32cubeide_1.15.1/plugins/com.st.stm32cube.ide.mcu.externaltools.gnu-tools-for-stm32.12.3.rel1.linux64_1.0.100.202403111256/tools/bin/../lib/gcc/arm-none-eabi/12.3.1/../../../../arm-none-eabi/lib/thumb/v7e-m+fp/hard/libc_nano.a(libc_a-gdtoa-hexnan.o)
                0x08009110                __match
 .text.__hexnan
                0x08009138      0x136 /opt/st/stm32cubeide_1.15.1/plugins/com.st.stm32cube.ide.mcu.externaltools.gnu-tools-for-stm32.12.3.rel1.linux64_1.0.100.202403111256/tools/bin/../lib/gcc/arm-none-eabi/12.3.1/../../../../arm-none-eabi/lib/thumb/v7e-m+fp/hard/libc_nano.a(libc_a-gdtoa-hexnan.o)
                0x08009138                __hexnan
 .text.__ascii_mbtowc
                0x0800926e       0x24 /opt/st/stm32cubeide_1.15.1/plugins/com.st.stm32cube.ide.mcu.externaltools.gnu-tools-for-stm32.12.3.rel1.linux64_1.0.100.202403111256/tools/bin/../lib/gcc/arm-none-eabi/12.3.1/../../../../arm-none-eabi/lib/thumb/v7e-m+fp/hard/libc_nano.a(libc_a-mbtowc_r.o)
                0x0800926e                __ascii_mbtowc
 .text.__ascii_wctomb
                0x08009292       0x1a /opt/st/stm32cubeide_1.15.1/plugins/com.st.stm32cube.ide.mcu.externaltools.gnu-tools-for-stm32.12.3.rel1.linux64_1.0.100.202403111256/tools/bin/../lib/gcc/arm-none-eabi/12.3.1/../../../../arm-none-eabi/lib/thumb/v7e-m+fp/hard/libc_nano.a(libc_a-wctomb_r.o)
                0x08009292                __ascii_wctomb
 .text.fprintf  0x080092ac       0x24 /opt/st/stm32cubeide_1.15.1/plugins/com.st.stm32cube.ide.mcu.externaltools.gnu-tools-for-stm32.12.3.rel1.linux64_1.0.100.202403111256/tools/bin/../lib/gcc/arm-none-eabi/12.3.1/../../../../arm-none-eabi/lib/thumb/v7e-m+fp/hard/libc_nano.a(libc_a-fprintf.o)
                0x080092ac                fprintf
                0x080092ac                fiprintf
 .text.__swhatbuf_r
                0x080092d0       0x4c /opt/st/stm32cubeide_1.15.1/plugins/com.st.stm32cube.ide.mcu.externaltools.gnu-tools-for-stm32.12.3.rel1.linux64_1.0.100.202403111256/tools/bin/../lib/gcc/arm-none-eabi/12.3.1/../../../../arm-none-eabi/lib/thumb/v7e-m+fp/hard/libc_nano.a(libc_a-makebuf.o)
                0x080092d0                __swhatbuf_r
 .text.__smakebuf_r
                0x0800931c       0x78 /opt/st/stm32cubeide_1.15.1/plugins/com.st.stm32cube.ide.mcu.externaltools.gnu-tools-for-stm32.12.3.rel1.linux64_1.0.100.202403111256/tools/bin/../lib/gcc/arm-none-eabi/12.3.1/../../../../arm-none-eabi/lib/thumb/v7e-m+fp/hard/libc_nano.a(libc_a-makebuf.o)
                0x0800931c                __smakebuf_r
 .text._fstat_r
                0x08009394       0x24 /opt/st/stm32cubeide_1.15.1/plugins/com.st.stm32cube.ide.mcu.externaltools.gnu-tools-for-stm32.12.3.rel1.linux64_1.0.100.202403111256/tools/bin/../lib/gcc/arm-none-eabi/12.3.1/../../../../arm-none-eabi/lib/thumb/v7e-m+fp/hard/libc_nano.a(libc_a-fstatr.o)
                0x08009394                _fstat_r
 .text._isatty_r
                0x080093b8       0x20 /opt/st/stm32cubeide_1.15.1/plugins/com.st.stm32cube.ide.mcu.externaltools.gnu-tools-for-stm32.12.3.rel1.linux64_1.0.100.202403111256/tools/bin/../lib/gcc/arm-none-eabi/12.3.1/../../../../arm-none-eabi/lib/thumb/v7e-m+fp/hard/libc_nano.a(libc_a-isattyr.o)
                0x080093b8                _isatty_r
 .text.abort    0x080093d8        0xe /opt/st/stm32cubeide_1.15.1/plugins/com.st.stm32cube.ide.mcu.externaltools.gnu-tools-for-stm32.12.3.rel1.linux64_1.0.100.202403111256/tools/bin/../lib/gcc/arm-none-eabi/12.3.1/../../../../arm-none-eabi/lib/thumb/v7e-m+fp/hard/libc_nano.a(libc_a-abort.o)
                0x080093d8                abort
 .text._raise_r
                0x080093e6       0x50 /opt/st/stm32cubeide_1.15.1/plugins/com.st.stm32cube.ide.mcu.externaltools.gnu-tools-for-stm32.12.3.rel1.linux64_1.0.100.202403111256/tools/bin/../lib/gcc/arm-none-eabi/12.3.1/../../../../arm-none-eabi/lib/thumb/v7e-m+fp/hard/libc_nano.a(libc_a-signal.o)
                0x080093e6                _raise_r
 *fill*         0x08009436        0x2 
 .text.raise    0x08009438       0x10 /opt/st/stm32cubeide_1.15.1/plugins/com.st.stm32cube.ide.mcu.externaltools.gnu-tools-for-stm32.12.3.rel1.linux64_1.0.100.202403111256/tools/bin/../lib/gcc/arm-none-eabi/12.3.1/../../../../arm-none-eabi/lib/thumb/v7e-m+fp/hard/libc_nano.a(libc_a-signal.o)
                0x08009438                raise
 .text._kill_r  0x08009448       0x24 /opt/st/stm32cubeide_1.15.1/plugins/com.st.stm32cube.ide.mcu.externaltools.gnu-tools-for-stm32.12.3.rel1.linux64_1.0.100.202403111256/tools/bin/../lib/gcc/arm-none-eabi/12.3.1/../../../../arm-none-eabi/lib/thumb/v7e-m+fp/hard/libc_nano.a(libc_a-signalr.o)
                0x08009448                _kill_r
 .text._getpid_r
                0x0800946c        0x4 /opt/st/stm32cubeide_1.15.1/plugins/com.st.stm32cube.ide.mcu.externaltools.gnu-tools-for-stm32.12.3.rel1.linux64_1.0.100.202403111256/tools/bin/../lib/gcc/arm-none-eabi/12.3.1/../../../../arm-none-eabi/lib/thumb/v7e-m+fp/hard/libc_nano.a(libc_a-signalr.o)
                0x0800946c                _getpid_r
 .text._close   0x08009470       0x10 /opt/st/stm32cubeide_1.15.1/plugins/com.st.stm32cube.ide.mcu.externaltools.gnu-tools-for-stm32.12.3.rel1.linux64_1.0.100.202403111256/tools/bin/../lib/gcc/arm-none-eabi/12.3.1/../../../../arm-none-eabi/lib/thumb/v7e-m+fp/hard/libnosys.a(close.o)
                0x08009470                _close
 .text._fstat   0x08009480       0x10 /opt/st/stm32cubeide_1.15.1/plugins/com.st.stm32cube.ide.mcu.externaltools.gnu-tools-for-stm32.12.3.rel1.linux64_1.0.100.202403111256/tools/bin/../lib/gcc/arm-none-eabi/12.3.1/../../../../arm-none-eabi/lib/thumb/v7e-m+fp/hard/libnosys.a(fstat.o)
                0x08009480                _fstat
 .text._getpid  0x08009490       0x10 /opt/st/stm32cubeide_1.15.1/plugins/com.st.stm32cube.ide.mcu.externaltools.gnu-tools-for-stm32.12.3.rel1.linux64_1.0.100.202403111256/tools/bin/../lib/gcc/arm-none-eabi/12.3.1/../../../../arm-none-eabi/lib/thumb/v7e-m+fp/hard/libnosys.a(getpid.o)
                0x08009490                _getpid
 .text._isatty  0x080094a0       0x10 /opt/st/stm32cubeide_1.15.1/plugins/com.st.stm32cube.ide.mcu.externaltools.gnu-tools-for-stm32.12.3.rel1.linux64_1.0.100.202403111256/tools/bin/../lib/gcc/arm-none-eabi/12.3.1/../../../../arm-none-eabi/lib/thumb/v7e-m+fp/hard/libnosys.a(isatty.o)
                0x080094a0                _isatty
 .text._kill    0x080094b0       0x10 /opt/st/stm32cubeide_1.15.1/plugins/com.st.stm32cube.ide.mcu.externaltools.gnu-tools-for-stm32.12.3.rel1.linux64_1.0.100.202403111256/tools/bin/../lib/gcc/arm-none-eabi/12.3.1/../../../../arm-none-eabi/lib/thumb/v7e-m+fp/hard/libnosys.a(kill.o)
                0x080094b0                _kill
 .text._lseek   0x080094c0       0x10 /opt/st/stm32cubeide_1.15.1/plugins/com.st.stm32cube.ide.mcu.externaltools.gnu-tools-for-stm32.12.3.rel1.linux64_1.0.100.202403111256/tools/bin/../lib/gcc/arm-none-eabi/12.3.1/../../../../arm-none-eabi/lib/thumb/v7e-m+fp/hard/libnosys.a(lseek.o)
                0x080094c0                _lseek
 .text._read    0x080094d0       0x10 /opt/st/stm32cubeide_1.15.1/plugins/com.st.stm32cube.ide.mcu.externaltools.gnu-tools-for-stm32.12.3.rel1.linux64_1.0.100.202403111256/tools/bin/../lib/gcc/arm-none-eabi/12.3.1/../../../../arm-none-eabi/lib/thumb/v7e-m+fp/hard/libnosys.a(read.o)
                0x080094d0                _read
 .text._write   0x080094e0       0x10 /opt/st/stm32cubeide_1.15.1/plugins/com.st.stm32cube.ide.mcu.externaltools.gnu-tools-for-stm32.12.3.rel1.linux64_1.0.100.202403111256/tools/bin/../lib/gcc/arm-none-eabi/12.3.1/../../../../arm-none-eabi/lib/thumb/v7e-m+fp/hard/libnosys.a(write.o)
                0x080094e0                _write
 .text._exit    0x080094f0        0x2 /opt/st/stm32cubeide_1.15.1/plugins/com.st.stm32cube.ide.mcu.externaltools.gnu-tools-for-stm32.12.3.rel1.linux64_1.0.100.202403111256/tools/bin/../lib/gcc/arm-none-eabi/12.3.1/../../../../arm-none-eabi/lib/thumb/v7e-m+fp/hard/libnosys.a(_exit.o)
                0x080094f0                _exit
 *(.glue_7)
 .glue_7        0x080094f2        0x0 linker stubs
 *(.glue_7t)
 .glue_7t       0x080094f2        0x0 linker stubs
 *(.eh_frame)
 *fill*         0x080094f2        0x2 
 .eh_frame      0x080094f4        0x0 /opt/st/stm32cubeide_1.15.1/plugins/com.st.stm32cube.ide.mcu.externaltools.gnu-tools-for-stm32.12.3.rel1.linux64_1.0.100.202403111256/tools/bin/../lib/gcc/arm-none-eabi/12.3.1/thumb/v7e-m+fp/hard/crtbegin.o
 *(.init)
 .init          0x080094f4        0x4 /opt/st/stm32cubeide_1.15.1/plugins/com.st.stm32cube.ide.mcu.externaltools.gnu-tools-for-stm32.12.3.rel1.linux64_1.0.100.202403111256/tools/bin/../lib/gcc/arm-none-eabi/12.3.1/thumb/v7e-m+fp/hard/crti.o
                0x080094f4                _init
 .init          0x080094f8        0x8 /opt/st/stm32cubeide_1.15.1/plugins/com.st.stm32cube.ide.mcu.externaltools.gnu-tools-for-stm32.12.3.rel1.linux64_1.0.100.202403111256/tools/bin/../lib/gcc/arm-none-eabi/12.3.1/thumb/v7e-m+fp/hard/crtn.o
 *(.fini)
 .fini          0x08009500        0x4 /opt/st/stm32cubeide_1.15.1/plugins/com.st.stm32cube.ide.mcu.externaltools.gnu-tools-for-stm32.12.3.rel1.linux64_1.0.100.202403111256/tools/bin/../lib/gcc/arm-none-eabi/12.3.1/thumb/v7e-m+fp/hard/crti.o
                0x08009500                _fini
 .fini          0x08009504        0x8 /opt/st/stm32cubeide_1.15.1/plugins/com.st.stm32cube.ide.mcu.externaltools.gnu-tools-for-stm32.12.3.rel1.linux64_1.0.100.202403111256/tools/bin/../lib/gcc/arm-none-eabi/12.3.1/thumb/v7e-m+fp/hard/crtn.o
                0x0800950c                        . = ALIGN (0x4)
                0x0800950c                        _etext = .

.vfp11_veneer   0x0800950c        0x0
 .vfp11_veneer  0x0800950c        0x0 linker stubs

.v4_bx          0x0800950c        0x0
 .v4_bx         0x0800950c        0x0 linker stubs

.iplt           0x0800950c        0x0
 .iplt          0x0800950c        0x0 /opt/st/stm32cubeide_1.15.1/plugins/com.st.stm32cube.ide.mcu.externaltools.gnu-tools-for-stm32.12.3.rel1.linux64_1.0.100.202403111256/tools/bin/../lib/gcc/arm-none-eabi/12.3.1/thumb/v7e-m+fp/hard/crtbegin.o

.rodata         0x08009520      0xa78
                0x08009520                        . = ALIGN (0x4)
 *(.rodata)
 .rodata        0x08009520       0xb5 ./Core/Src/main.o
 *fill*         0x080095d5        0x3 
 .rodata        0x080095d8       0x30 ./X-CUBE-AI/App/sine_model_data.o
 *(.rodata*)
 .rodata.AHBPrescTable
                0x08009608       0x10 ./Core/Src/system_stm32f4xx.o
                0x08009608                AHBPrescTable
 .rodata.APBPrescTable
                0x08009618        0x8 ./Core/Src/system_stm32f4xx.o
                0x08009618                APBPrescTable
 .rodata.gemm_2_chain
                0x08009620        0x8 ./X-CUBE-AI/App/sine_model.o
 .rodata.nl_1_nl_chain
                0x08009628        0x8 ./X-CUBE-AI/App/sine_model.o
 .rodata.gemm_1_chain
                0x08009630        0x8 ./X-CUBE-AI/App/sine_model.o
 .rodata.nl_0_nl_chain
                0x08009638        0x8 ./X-CUBE-AI/App/sine_model.o
 .rodata.gemm_0_chain
                0x08009640        0x8 ./X-CUBE-AI/App/sine_model.o
 *fill*         0x08009648       0x18 
 .rodata.s_sine_model_weights_array_u64
                0x08009660      0x508 ./X-CUBE-AI/App/sine_model_data_params.o
                0x08009660                s_sine_model_weights_array_u64
 .rodata._printf_float.str1.1
                0x08009b68       0x12 /opt/st/stm32cubeide_1.15.1/plugins/com.st.stm32cube.ide.mcu.externaltools.gnu-tools-for-stm32.12.3.rel1.linux64_1.0.100.202403111256/tools/bin/../lib/gcc/arm-none-eabi/12.3.1/../../../../arm-none-eabi/lib/thumb/v7e-m+fp/hard/libc_nano.a(libc_a-nano-vfprintf_float.o)
 .rodata._printf_i.str1.1
                0x08009b7a       0x22 /opt/st/stm32cubeide_1.15.1/plugins/com.st.stm32cube.ide.mcu.externaltools.gnu-tools-for-stm32.12.3.rel1.linux64_1.0.100.202403111256/tools/bin/../lib/gcc/arm-none-eabi/12.3.1/../../../../arm-none-eabi/lib/thumb/v7e-m+fp/hard/libc_nano.a(libc_a-nano-vfprintf_i.o)
 .rodata._scanf_float.str1.1
                0x08009b9c        0x5 /opt/st/stm32cubeide_1.15.1/plugins/com.st.stm32cube.ide.mcu.externaltools.gnu-tools-for-stm32.12.3.rel1.linux64_1.0.100.202403111256/tools/bin/../lib/gcc/arm-none-eabi/12.3.1/../../../../arm-none-eabi/lib/thumb/v7e-m+fp/hard/libc_nano.a(libc_a-nano-vfscanf_float.o)
                                  0x6 (size before relaxing)
 .rodata._dtoa_r.str1.1
                0x08009ba1       0x8d /opt/st/stm32cubeide_1.15.1/plugins/com.st.stm32cube.ide.mcu.externaltools.gnu-tools-for-stm32.12.3.rel1.linux64_1.0.100.202403111256/tools/bin/../lib/gcc/arm-none-eabi/12.3.1/../../../../arm-none-eabi/lib/thumb/v7e-m+fp/hard/libc_nano.a(libc_a-dtoa.o)
                                 0x8f (size before relaxing)
 .rodata._Balloc.str1.1
                0x08009c2e       0x59 /opt/st/stm32cubeide_1.15.1/plugins/com.st.stm32cube.ide.mcu.externaltools.gnu-tools-for-stm32.12.3.rel1.linux64_1.0.100.202403111256/tools/bin/../lib/gcc/arm-none-eabi/12.3.1/../../../../arm-none-eabi/lib/thumb/v7e-m+fp/hard/libc_nano.a(libc_a-mprec.o)
                                 0x70 (size before relaxing)
 .rodata.__multadd.str1.1
                0x08009c87       0x11 /opt/st/stm32cubeide_1.15.1/plugins/com.st.stm32cube.ide.mcu.externaltools.gnu-tools-for-stm32.12.3.rel1.linux64_1.0.100.202403111256/tools/bin/../lib/gcc/arm-none-eabi/12.3.1/../../../../arm-none-eabi/lib/thumb/v7e-m+fp/hard/libc_nano.a(libc_a-mprec.o)
 *fill*         0x08009c87        0x1 
 .rodata.p05.0  0x08009c88        0xc /opt/st/stm32cubeide_1.15.1/plugins/com.st.stm32cube.ide.mcu.externaltools.gnu-tools-for-stm32.12.3.rel1.linux64_1.0.100.202403111256/tools/bin/../lib/gcc/arm-none-eabi/12.3.1/../../../../arm-none-eabi/lib/thumb/v7e-m+fp/hard/libc_nano.a(libc_a-mprec.o)
 *fill*         0x08009c94        0x4 
 .rodata.__mprec_bigtens
                0x08009c98       0x28 /opt/st/stm32cubeide_1.15.1/plugins/com.st.stm32cube.ide.mcu.externaltools.gnu-tools-for-stm32.12.3.rel1.linux64_1.0.100.202403111256/tools/bin/../lib/gcc/arm-none-eabi/12.3.1/../../../../arm-none-eabi/lib/thumb/v7e-m+fp/hard/libc_nano.a(libc_a-mprec.o)
                0x08009c98                __mprec_bigtens
 .rodata.__mprec_tens
                0x08009cc0       0xc8 /opt/st/stm32cubeide_1.15.1/plugins/com.st.stm32cube.ide.mcu.externaltools.gnu-tools-for-stm32.12.3.rel1.linux64_1.0.100.202403111256/tools/bin/../lib/gcc/arm-none-eabi/12.3.1/../../../../arm-none-eabi/lib/thumb/v7e-m+fp/hard/libc_nano.a(libc_a-mprec.o)
                0x08009cc0                __mprec_tens
 .rodata._strtod_l.str1.1
                0x08009d88        0x2 /opt/st/stm32cubeide_1.15.1/plugins/com.st.stm32cube.ide.mcu.externaltools.gnu-tools-for-stm32.12.3.rel1.linux64_1.0.100.202403111256/tools/bin/../lib/gcc/arm-none-eabi/12.3.1/../../../../arm-none-eabi/lib/thumb/v7e-m+fp/hard/libc_nano.a(libc_a-strtod.o)
                                  0xf (size before relaxing)
 *fill*         0x08009d8a        0x2 
 .rodata.fpinan.0
                0x08009d8c       0x14 /opt/st/stm32cubeide_1.15.1/plugins/com.st.stm32cube.ide.mcu.externaltools.gnu-tools-for-stm32.12.3.rel1.linux64_1.0.100.202403111256/tools/bin/../lib/gcc/arm-none-eabi/12.3.1/../../../../arm-none-eabi/lib/thumb/v7e-m+fp/hard/libc_nano.a(libc_a-strtod.o)
 .rodata.fpi.1  0x08009da0       0x14 /opt/st/stm32cubeide_1.15.1/plugins/com.st.stm32cube.ide.mcu.externaltools.gnu-tools-for-stm32.12.3.rel1.linux64_1.0.100.202403111256/tools/bin/../lib/gcc/arm-none-eabi/12.3.1/../../../../arm-none-eabi/lib/thumb/v7e-m+fp/hard/libc_nano.a(libc_a-strtod.o)
 *fill*         0x08009db4        0x4 
 .rodata.tinytens
                0x08009db8       0x28 /opt/st/stm32cubeide_1.15.1/plugins/com.st.stm32cube.ide.mcu.externaltools.gnu-tools-for-stm32.12.3.rel1.linux64_1.0.100.202403111256/tools/bin/../lib/gcc/arm-none-eabi/12.3.1/../../../../arm-none-eabi/lib/thumb/v7e-m+fp/hard/libc_nano.a(libc_a-strtod.o)
 .rodata._ctype_
                0x08009de0      0x101 /opt/st/stm32cubeide_1.15.1/plugins/com.st.stm32cube.ide.mcu.externaltools.gnu-tools-for-stm32.12.3.rel1.linux64_1.0.100.202403111256/tools/bin/../lib/gcc/arm-none-eabi/12.3.1/../../../../arm-none-eabi/lib/thumb/v7e-m+fp/hard/libc_nano.a(libc_a-ctype_.o)
                0x08009de0                _ctype_
 .rodata._svfprintf_r.str1.1
                0x08009ee1       0x11 /opt/st/stm32cubeide_1.15.1/plugins/com.st.stm32cube.ide.mcu.externaltools.gnu-tools-for-stm32.12.3.rel1.linux64_1.0.100.202403111256/tools/bin/../lib/gcc/arm-none-eabi/12.3.1/../../../../arm-none-eabi/lib/thumb/v7e-m+fp/hard/libc_nano.a(libc_a-nano-svfprintf.o)
 .rodata._vfprintf_r.str1.1
                0x08009ef2       0x11 /opt/st/stm32cubeide_1.15.1/plugins/com.st.stm32cube.ide.mcu.externaltools.gnu-tools-for-stm32.12.3.rel1.linux64_1.0.100.202403111256/tools/bin/../lib/gcc/arm-none-eabi/12.3.1/../../../../arm-none-eabi/lib/thumb/v7e-m+fp/hard/libc_nano.a(libc_a-nano-vfprintf.o)
 .rodata._setlocale_r.str1.1
                0x08009ef2        0x8 /opt/st/stm32cubeide_1.15.1/plugins/com.st.stm32cube.ide.mcu.externaltools.gnu-tools-for-stm32.12.3.rel1.linux64_1.0.100.202403111256/tools/bin/../lib/gcc/arm-none-eabi/12.3.1/../../../../arm-none-eabi/lib/thumb/v7e-m+fp/hard/libc_nano.a(libc_a-locale.o)
                                  0x9 (size before relaxing)
 .rodata.str1.1
                0x08009efa        0x2 /opt/st/stm32cubeide_1.15.1/plugins/com.st.stm32cube.ide.mcu.externaltools.gnu-tools-for-stm32.12.3.rel1.linux64_1.0.100.202403111256/tools/bin/../lib/gcc/arm-none-eabi/12.3.1/../../../../arm-none-eabi/lib/thumb/v7e-m+fp/hard/libc_nano.a(libc_a-locale.o)
 .rodata.__assert_func.str1.1
                0x08009efa       0x3c /opt/st/stm32cubeide_1.15.1/plugins/com.st.stm32cube.ide.mcu.externaltools.gnu-tools-for-stm32.12.3.rel1.linux64_1.0.100.202403111256/tools/bin/../lib/gcc/arm-none-eabi/12.3.1/../../../../arm-none-eabi/lib/thumb/v7e-m+fp/hard/libc_nano.a(libc_a-assert.o)
                                 0x3d (size before relaxing)
 .rodata.__gethex.str1.1
                0x08009f36       0x60 /opt/st/stm32cubeide_1.15.1/plugins/com.st.stm32cube.ide.mcu.externaltools.gnu-tools-for-stm32.12.3.rel1.linux64_1.0.100.202403111256/tools/bin/../lib/gcc/arm-none-eabi/12.3.1/../../../../arm-none-eabi/lib/thumb/v7e-m+fp/hard/libc_nano.a(libc_a-gdtoa-gethex.o)
                                 0x73 (size before relaxing)
                0x08009f98                        . = ALIGN (0x4)
 *fill*         0x08009f96        0x2 

.ARM.extab      0x08009f98        0x0
                0x08009f98                        . = ALIGN (0x4)
 *(.ARM.extab* .gnu.linkonce.armextab.*)
                0x08009f98                        . = ALIGN (0x4)

.ARM            0x08009f98        0x8
                0x08009f98                        . = ALIGN (0x4)
                0x08009f98                        __exidx_start = .
 *(.ARM.exidx*)
 .ARM.exidx     0x08009f98        0x8 /opt/st/stm32cubeide_1.15.1/plugins/com.st.stm32cube.ide.mcu.externaltools.gnu-tools-for-stm32.12.3.rel1.linux64_1.0.100.202403111256/tools/bin/../lib/gcc/arm-none-eabi/12.3.1/../../../../arm-none-eabi/lib/thumb/v7e-m+fp/hard/libc_nano.a(libc_a-memchr.o)
 .ARM.exidx     0x08009fa0        0x0 /opt/st/stm32cubeide_1.15.1/plugins/com.st.stm32cube.ide.mcu.externaltools.gnu-tools-for-stm32.12.3.rel1.linux64_1.0.100.202403111256/tools/bin/../lib/gcc/arm-none-eabi/12.3.1/../../../../arm-none-eabi/lib/thumb/v7e-m+fp/hard/libc_nano.a(libc_a-strlen.o)
                                  0x8 (size before relaxing)
 .ARM.exidx     0x08009fa0        0x0 /opt/st/stm32cubeide_1.15.1/plugins/com.st.stm32cube.ide.mcu.externaltools.gnu-tools-for-stm32.12.3.rel1.linux64_1.0.100.202403111256/tools/bin/../lib/gcc/arm-none-eabi/12.3.1/thumb/v7e-m+fp/hard/libgcc.a(_udivmoddi4.o)
                                  0x8 (size before relaxing)
                0x08009fa0                        __exidx_end = .
                0x08009fa0                        . = ALIGN (0x4)

.preinit_array  0x08009fa0        0x0
                0x08009fa0                        . = ALIGN (0x4)
                0x08009fa0                        PROVIDE (__preinit_array_start = .)
 *(.preinit_array*)
                0x08009fa0                        PROVIDE (__preinit_array_end = .)
                0x08009fa0                        . = ALIGN (0x4)

.init_array     0x08009fa0        0x4
                0x08009fa0                        . = ALIGN (0x4)
                0x08009fa0                        PROVIDE (__init_array_start = .)
 *(SORT_BY_NAME(.init_array.*))
 *(.init_array*)
 .init_array    0x08009fa0        0x4 /opt/st/stm32cubeide_1.15.1/plugins/com.st.stm32cube.ide.mcu.externaltools.gnu-tools-for-stm32.12.3.rel1.linux64_1.0.100.202403111256/tools/bin/../lib/gcc/arm-none-eabi/12.3.1/thumb/v7e-m+fp/hard/crtbegin.o
                0x08009fa4                        PROVIDE (__init_array_end = .)
                0x08009fa4                        . = ALIGN (0x4)

.fini_array     0x08009fa4        0x4
                0x08009fa4                        . = ALIGN (0x4)
                [!provide]                        PROVIDE (__fini_array_start = .)
 *(SORT_BY_NAME(.fini_array.*))
 *(.fini_array*)
 .fini_array    0x08009fa4        0x4 /opt/st/stm32cubeide_1.15.1/plugins/com.st.stm32cube.ide.mcu.externaltools.gnu-tools-for-stm32.12.3.rel1.linux64_1.0.100.202403111256/tools/bin/../lib/gcc/arm-none-eabi/12.3.1/thumb/v7e-m+fp/hard/crtbegin.o
                [!provide]                        PROVIDE (__fini_array_end = .)
                0x08009fa8                        . = ALIGN (0x4)
                0x08009fa8                        _sidata = LOADADDR (.data)

.rel.dyn        0x08009fa8        0x0
 .rel.iplt      0x08009fa8        0x0 /opt/st/stm32cubeide_1.15.1/plugins/com.st.stm32cube.ide.mcu.externaltools.gnu-tools-for-stm32.12.3.rel1.linux64_1.0.100.202403111256/tools/bin/../lib/gcc/arm-none-eabi/12.3.1/thumb/v7e-m+fp/hard/crtbegin.o

.data           0x20000000      0x868 load address 0x08009fa8
                0x20000000                        . = ALIGN (0x4)
                0x20000000                        _sdata = .
 *(.data)
 *(.data*)
 .data.SystemCoreClock
                0x20000000        0x4 ./Core/Src/system_stm32f4xx.o
                0x20000000                SystemCoreClock
 .data.uwTickPrio
                0x20000004        0x4 ./Drivers/STM32F4xx_HAL_Driver/Src/stm32f4xx_hal.o
                0x20000004                uwTickPrio
 .data.uwTickFreq
                0x20000008        0x1 ./Drivers/STM32F4xx_HAL_Driver/Src/stm32f4xx_hal.o
                0x20000008                uwTickFreq
 *fill*         0x20000009        0x3 
 .data.serving_default_dense_input0_output_array
                0x2000000c       0x10 ./X-CUBE-AI/App/sine_model.o
 .data.gemm_0_output_array
                0x2000001c       0x10 ./X-CUBE-AI/App/sine_model.o
 .data.nl_0_nl_output_array
                0x2000002c       0x10 ./X-CUBE-AI/App/sine_model.o
 .data.gemm_1_output_array
                0x2000003c       0x10 ./X-CUBE-AI/App/sine_model.o
 .data.nl_1_nl_output_array
                0x2000004c       0x10 ./X-CUBE-AI/App/sine_model.o
 .data.gemm_2_output_array
                0x2000005c       0x10 ./X-CUBE-AI/App/sine_model.o
 .data.gemm_0_weights_array
                0x2000006c       0x10 ./X-CUBE-AI/App/sine_model.o
 .data.gemm_0_bias_array
                0x2000007c       0x10 ./X-CUBE-AI/App/sine_model.o
 .data.gemm_1_weights_array
                0x2000008c       0x10 ./X-CUBE-AI/App/sine_model.o
 .data.gemm_1_bias_array
                0x2000009c       0x10 ./X-CUBE-AI/App/sine_model.o
 .data.gemm_2_weights_array
                0x200000ac       0x10 ./X-CUBE-AI/App/sine_model.o
 .data.gemm_2_bias_array
                0x200000bc       0x10 ./X-CUBE-AI/App/sine_model.o
 .data.__compound_literal.0
                0x200000cc       0x10 ./X-CUBE-AI/App/sine_model.o
 .data.__compound_literal.1
                0x200000dc       0x10 ./X-CUBE-AI/App/sine_model.o
 .data.serving_default_dense_input0_output
                0x200000ec       0x1c ./X-CUBE-AI/App/sine_model.o
 .data.__compound_literal.2
                0x20000108       0x10 ./X-CUBE-AI/App/sine_model.o
 .data.__compound_literal.3
                0x20000118       0x10 ./X-CUBE-AI/App/sine_model.o
 .data.gemm_0_output
                0x20000128       0x1c ./X-CUBE-AI/App/sine_model.o
 .data.__compound_literal.4
                0x20000144       0x10 ./X-CUBE-AI/App/sine_model.o
 .data.__compound_literal.5
                0x20000154       0x10 ./X-CUBE-AI/App/sine_model.o
 .data.nl_0_nl_output
                0x20000164       0x1c ./X-CUBE-AI/App/sine_model.o
 .data.__compound_literal.6
                0x20000180       0x10 ./X-CUBE-AI/App/sine_model.o
 .data.__compound_literal.7
                0x20000190       0x10 ./X-CUBE-AI/App/sine_model.o
 .data.gemm_1_output
                0x200001a0       0x1c ./X-CUBE-AI/App/sine_model.o
 .data.__compound_literal.8
                0x200001bc       0x10 ./X-CUBE-AI/App/sine_model.o
 .data.__compound_literal.9
                0x200001cc       0x10 ./X-CUBE-AI/App/sine_model.o
 .data.nl_1_nl_output
                0x200001dc       0x1c ./X-CUBE-AI/App/sine_model.o
 .data.__compound_literal.10
                0x200001f8       0x10 ./X-CUBE-AI/App/sine_model.o
 .data.__compound_literal.11
                0x20000208       0x10 ./X-CUBE-AI/App/sine_model.o
 .data.gemm_2_output
                0x20000218       0x1c ./X-CUBE-AI/App/sine_model.o
 .data.__compound_literal.12
                0x20000234       0x10 ./X-CUBE-AI/App/sine_model.o
 .data.__compound_literal.13
                0x20000244       0x10 ./X-CUBE-AI/App/sine_model.o
 .data.gemm_0_weights
                0x20000254       0x1c ./X-CUBE-AI/App/sine_model.o
 .data.__compound_literal.14
                0x20000270       0x10 ./X-CUBE-AI/App/sine_model.o
 .data.__compound_literal.15
                0x20000280       0x10 ./X-CUBE-AI/App/sine_model.o
 .data.gemm_0_bias
                0x20000290       0x1c ./X-CUBE-AI/App/sine_model.o
 .data.__compound_literal.16
                0x200002ac       0x10 ./X-CUBE-AI/App/sine_model.o
 .data.__compound_literal.17
                0x200002bc       0x10 ./X-CUBE-AI/App/sine_model.o
 .data.gemm_1_weights
                0x200002cc       0x1c ./X-CUBE-AI/App/sine_model.o
 .data.__compound_literal.18
                0x200002e8       0x10 ./X-CUBE-AI/App/sine_model.o
 .data.__compound_literal.19
                0x200002f8       0x10 ./X-CUBE-AI/App/sine_model.o
 .data.gemm_1_bias
                0x20000308       0x1c ./X-CUBE-AI/App/sine_model.o
 .data.__compound_literal.20
                0x20000324       0x10 ./X-CUBE-AI/App/sine_model.o
 .data.__compound_literal.21
                0x20000334       0x10 ./X-CUBE-AI/App/sine_model.o
 .data.gemm_2_weights
                0x20000344       0x1c ./X-CUBE-AI/App/sine_model.o
 .data.__compound_literal.22
                0x20000360       0x10 ./X-CUBE-AI/App/sine_model.o
 .data.__compound_literal.23
                0x20000370       0x10 ./X-CUBE-AI/App/sine_model.o
 .data.gemm_2_bias
                0x20000380       0x1c ./X-CUBE-AI/App/sine_model.o
 .data.__compound_literal.24
                0x2000039c        0x4 ./X-CUBE-AI/App/sine_model.o
 .data.__compound_literal.25
                0x200003a0        0x4 ./X-CUBE-AI/App/sine_model.o
 .data.__compound_literal.26
                0x200003a4        0x8 ./X-CUBE-AI/App/sine_model.o
 .data.__compound_literal.28
                0x200003ac       0x30 ./X-CUBE-AI/App/sine_model.o
 .data.gemm_2_layer
                0x200003dc       0x1c ./X-CUBE-AI/App/sine_model.o
 .data.__compound_literal.29
                0x200003f8        0x4 ./X-CUBE-AI/App/sine_model.o
 .data.__compound_literal.30
                0x200003fc        0x4 ./X-CUBE-AI/App/sine_model.o
 .data.__compound_literal.33
                0x20000400       0x30 ./X-CUBE-AI/App/sine_model.o
 .data.nl_1_nl_layer
                0x20000430       0x20 ./X-CUBE-AI/App/sine_model.o
 .data.__compound_literal.34
                0x20000450        0x4 ./X-CUBE-AI/App/sine_model.o
 .data.__compound_literal.35
                0x20000454        0x4 ./X-CUBE-AI/App/sine_model.o
 .data.__compound_literal.36
                0x20000458        0x8 ./X-CUBE-AI/App/sine_model.o
 .data.__compound_literal.38
                0x20000460       0x30 ./X-CUBE-AI/App/sine_model.o
 .data.gemm_1_layer
                0x20000490       0x1c ./X-CUBE-AI/App/sine_model.o
 .data.__compound_literal.39
                0x200004ac        0x4 ./X-CUBE-AI/App/sine_model.o
 .data.__compound_literal.40
                0x200004b0        0x4 ./X-CUBE-AI/App/sine_model.o
 .data.__compound_literal.43
                0x200004b4       0x30 ./X-CUBE-AI/App/sine_model.o
 .data.nl_0_nl_layer
                0x200004e4       0x20 ./X-CUBE-AI/App/sine_model.o
 .data.__compound_literal.44
                0x20000504        0x4 ./X-CUBE-AI/App/sine_model.o
 .data.__compound_literal.45
                0x20000508        0x4 ./X-CUBE-AI/App/sine_model.o
 .data.__compound_literal.46
                0x2000050c        0x8 ./X-CUBE-AI/App/sine_model.o
 .data.__compound_literal.48
                0x20000514       0x30 ./X-CUBE-AI/App/sine_model.o
 .data.gemm_0_layer
                0x20000544       0x1c ./X-CUBE-AI/App/sine_model.o
 .data.__compound_literal.49
                0x20000560       0x10 ./X-CUBE-AI/App/sine_model.o
 .data.__compound_literal.50
                0x20000570       0x1c ./X-CUBE-AI/App/sine_model.o
 .data.__compound_literal.51
                0x2000058c       0x10 ./X-CUBE-AI/App/sine_model.o
 .data.__compound_literal.52
                0x2000059c       0x1c ./X-CUBE-AI/App/sine_model.o
 .data.__compound_literal.53
                0x200005b8        0x4 ./X-CUBE-AI/App/sine_model.o
 .data.__compound_literal.57
                0x200005bc        0xc ./X-CUBE-AI/App/sine_model.o
 .data.__compound_literal.58
                0x200005c8        0x4 ./X-CUBE-AI/App/sine_model.o
 .data.__compound_literal.62
                0x200005cc        0xc ./X-CUBE-AI/App/sine_model.o
 .data.__compound_literal.63
                0x200005d8       0x18 ./X-CUBE-AI/App/sine_model.o
 .data.g_sine_model
                0x200005f0       0x4c ./X-CUBE-AI/App/sine_model.o
 .data.__compound_literal.0
                0x2000063c       0x10 ./X-CUBE-AI/App/sine_model_data.o
 .data.g_sine_model_data_map_activations
                0x2000064c       0x1c ./X-CUBE-AI/App/sine_model_data.o
                0x2000064c                g_sine_model_data_map_activations
 .data.__compound_literal.1
                0x20000668       0x10 ./X-CUBE-AI/App/sine_model_data.o
 .data.g_sine_model_data_map_weights
                0x20000678       0x1c ./X-CUBE-AI/App/sine_model_data.o
                0x20000678                g_sine_model_data_map_weights
 .data.g_sine_model_weights_table
                0x20000694        0xc ./X-CUBE-AI/App/sine_model_data_params.o
                0x20000694                g_sine_model_weights_table
 .data.__sglue  0x200006a0        0xc /opt/st/stm32cubeide_1.15.1/plugins/com.st.stm32cube.ide.mcu.externaltools.gnu-tools-for-stm32.12.3.rel1.linux64_1.0.100.202403111256/tools/bin/../lib/gcc/arm-none-eabi/12.3.1/../../../../arm-none-eabi/lib/thumb/v7e-m+fp/hard/libc_nano.a(libc_a-findfp.o)
                0x200006a0                __sglue
 .data._impure_ptr
                0x200006ac        0x4 /opt/st/stm32cubeide_1.15.1/plugins/com.st.stm32cube.ide.mcu.externaltools.gnu-tools-for-stm32.12.3.rel1.linux64_1.0.100.202403111256/tools/bin/../lib/gcc/arm-none-eabi/12.3.1/../../../../arm-none-eabi/lib/thumb/v7e-m+fp/hard/libc_nano.a(libc_a-impure.o)
                0x200006ac                _impure_ptr
 .data._impure_data
                0x200006b0       0x4c /opt/st/stm32cubeide_1.15.1/plugins/com.st.stm32cube.ide.mcu.externaltools.gnu-tools-for-stm32.12.3.rel1.linux64_1.0.100.202403111256/tools/bin/../lib/gcc/arm-none-eabi/12.3.1/../../../../arm-none-eabi/lib/thumb/v7e-m+fp/hard/libc_nano.a(libc_a-impure.o)
                0x200006b0                _impure_data
 .data.__global_locale
                0x200006fc      0x16c /opt/st/stm32cubeide_1.15.1/plugins/com.st.stm32cube.ide.mcu.externaltools.gnu-tools-for-stm32.12.3.rel1.linux64_1.0.100.202403111256/tools/bin/../lib/gcc/arm-none-eabi/12.3.1/../../../../arm-none-eabi/lib/thumb/v7e-m+fp/hard/libc_nano.a(libc_a-locale.o)